[0.008s] Invoking command in '/home/ayush/ros2-cortex-hil-pipeline/ros2_ws/build/qemu_hardware_interface': CMAKE_PREFIX_PATH=${CMAKE_PREFIX_PATH}:/home/ayush/microros_ws/install/sensor_msgs_py:/home/ayush/microros_ws/install/my_py_pkg:/home/ayush/microros_ws/install/my_py_node:/home/ayush/microros_ws/install/joy_bridge:/opt/ros/humble /usr/bin/cmake --build /home/ayush/ros2-cortex-hil-pipeline/ros2_ws/build/qemu_hardware_interface -- -j20 -l20
[0.104s] [100%] Built target qemu_hardware_interface
[0.123s] Invoked command in '/home/ayush/ros2-cortex-hil-pipeline/ros2_ws/build/qemu_hardware_interface' returned '0': CMAKE_PREFIX_PATH=${CMAKE_PREFIX_PATH}:/home/ayush/microros_ws/install/sensor_msgs_py:/home/ayush/microros_ws/install/my_py_pkg:/home/ayush/microros_ws/install/my_py_node:/home/ayush/microros_ws/install/joy_bridge:/opt/ros/humble /usr/bin/cmake --build /home/ayush/ros2-cortex-hil-pipeline/ros2_ws/build/qemu_hardware_interface -- -j20 -l20
[0.141s] Invoking command in '/home/ayush/ros2-cortex-hil-pipeline/ros2_ws/build/qemu_hardware_interface': CMAKE_PREFIX_PATH=${CMAKE_PREFIX_PATH}:/home/ayush/microros_ws/install/sensor_msgs_py:/home/ayush/microros_ws/install/my_py_pkg:/home/ayush/microros_ws/install/my_py_node:/home/ayush/microros_ws/install/joy_bridge:/opt/ros/humble /usr/bin/cmake --install /home/ayush/ros2-cortex-hil-pipeline/ros2_ws/build/qemu_hardware_interface
[0.154s] -- Install configuration: ""
[0.154s] -- Up-to-date: /home/ayush/ros2-cortex-hil-pipeline/ros2_ws/install/qemu_hardware_interface/share/qemu_hardware_interface/qemu_hardware_interface.xml
[0.154s] -- Up-to-date: /home/ayush/ros2-cortex-hil-pipeline/ros2_ws/install/qemu_hardware_interface/lib/libqemu_hardware_interface.so
[0.155s] -- Up-to-date: /home/ayush/ros2-cortex-hil-pipeline/ros2_ws/install/qemu_hardware_interface/share/qemu_hardware_interface/qemu_hardware_interface.xml
[0.155s] -- Up-to-date: /home/ayush/ros2-cortex-hil-pipeline/ros2_ws/install/qemu_hardware_interface/share/ament_index/resource_index/package_run_dependencies/qemu_hardware_interface
[0.155s] -- Up-to-date: /home/ayush/ros2-cortex-hil-pipeline/ros2_ws/install/qemu_hardware_interface/share/ament_index/resource_index/parent_prefix_path/qemu_hardware_interface
[0.155s] -- Up-to-date: /home/ayush/ros2-cortex-hil-pipeline/ros2_ws/install/qemu_hardware_interface/share/qemu_hardware_interface/environment/ament_prefix_path.sh
[0.155s] -- Up-to-date: /home/ayush/ros2-cortex-hil-pipeline/ros2_ws/install/qemu_hardware_interface/share/qemu_hardware_interface/environment/ament_prefix_path.dsv
[0.155s] -- Up-to-date: /home/ayush/ros2-cortex-hil-pipeline/ros2_ws/install/qemu_hardware_interface/share/qemu_hardware_interface/environment/path.sh
[0.155s] -- Up-to-date: /home/ayush/ros2-cortex-hil-pipeline/ros2_ws/install/qemu_hardware_interface/share/qemu_hardware_interface/environment/path.dsv
[0.155s] -- Up-to-date: /home/ayush/ros2-cortex-hil-pipeline/ros2_ws/install/qemu_hardware_interface/share/qemu_hardware_interface/local_setup.bash
[0.156s] -- Up-to-date: /home/ayush/ros2-cortex-hil-pipeline/ros2_ws/install/qemu_hardware_interface/share/qemu_hardware_interface/local_setup.sh
[0.156s] -- Up-to-date: /home/ayush/ros2-cortex-hil-pipeline/ros2_ws/install/qemu_hardware_interface/share/qemu_hardware_interface/local_setup.zsh
[0.156s] -- Up-to-date: /home/ayush/ros2-cortex-hil-pipeline/ros2_ws/install/qemu_hardware_interface/share/qemu_hardware_interface/local_setup.dsv
[0.156s] -- Installing: /home/ayush/ros2-cortex-hil-pipeline/ros2_ws/install/qemu_hardware_interface/share/qemu_hardware_interface/package.dsv
[0.156s] -- Up-to-date: /home/ayush/ros2-cortex-hil-pipeline/ros2_ws/install/qemu_hardware_interface/share/ament_index/resource_index/packages/qemu_hardware_interface
[0.156s] -- Up-to-date: /home/ayush/ros2-cortex-hil-pipeline/ros2_ws/install/qemu_hardware_interface/share/ament_index/resource_index/hardware_interface__pluginlib__plugin/qemu_hardware_interface
[0.156s] -- Up-to-date: /home/ayush/ros2-cortex-hil-pipeline/ros2_ws/install/qemu_hardware_interface/share/qemu_hardware_interface/cmake/qemu_hardware_interfaceConfig.cmake
[0.156s] -- Up-to-date: /home/ayush/ros2-cortex-hil-pipeline/ros2_ws/install/qemu_hardware_interface/share/qemu_hardware_interface/cmake/qemu_hardware_interfaceConfig-version.cmake
[0.156s] -- Up-to-date: /home/ayush/ros2-cortex-hil-pipeline/ros2_ws/install/qemu_hardware_interface/share/qemu_hardware_interface/package.xml
[0.157s] Invoked command in '/home/ayush/ros2-cortex-hil-pipeline/ros2_ws/build/qemu_hardware_interface' returned '0': CMAKE_PREFIX_PATH=${CMAKE_PREFIX_PATH}:/home/ayush/microros_ws/install/sensor_msgs_py:/home/ayush/microros_ws/install/my_py_pkg:/home/ayush/microros_ws/install/my_py_node:/home/ayush/microros_ws/install/joy_bridge:/opt/ros/humble /usr/bin/cmake --install /home/ayush/ros2-cortex-hil-pipeline/ros2_ws/build/qemu_hardware_interface
