[0.093s] DEBUG:colcon:Command line arguments: ['/usr/bin/colcon', 'build']
[0.094s] DEBUG:colcon:Parsed command line arguments: Namespace(log_base=None, log_level=None, verb_name='build', build_base='build', install_base='install', merge_install=False, symlink_install=False, test_result_base=None, continue_on_error=False, executor='parallel', parallel_workers=20, event_handlers=None, ignore_user_meta=False, metas=['./colcon.meta'], base_paths=['.'], packages_ignore=None, packages_ignore_regex=None, paths=None, packages_up_to=None, packages_up_to_regex=None, packages_above=None, packages_above_and_dependencies=None, packages_above_depth=None, packages_select_by_dep=None, packages_skip_by_dep=None, packages_skip_up_to=None, packages_select_build_failed=False, packages_skip_build_finished=False, packages_select_test_failures=False, packages_skip_test_passed=False, packages_select=None, packages_skip=None, packages_select_regex=None, packages_skip_regex=None, packages_start=None, packages_end=None, allow_overriding=[], cmake_args=None, cmake_target=None, cmake_target_skip_unavailable=False, cmake_clean_cache=False, cmake_clean_first=False, cmake_force_configure=False, ament_cmake_args=None, catkin_cmake_args=None, catkin_skip_building_tests=False, mixin_files=None, mixin=None, verb_parser=<colcon_mixin.mixin.mixin_argument.MixinArgumentDecorator object at 0x7e29d0d9fbb0>, verb_extension=<colcon_core.verb.build.BuildVerb object at 0x7e29d0d9f190>, main=<bound method BuildVerb.main of <colcon_core.verb.build.BuildVerb object at 0x7e29d0d9f190>>, mixin_verb=('build',))
[0.116s] Level 1:colcon.colcon_core.package_discovery:discover_packages(colcon_meta) check parameters
[0.116s] Level 1:colcon.colcon_core.package_discovery:discover_packages(recursive) check parameters
[0.116s] Level 1:colcon.colcon_core.package_discovery:discover_packages(ignore) check parameters
[0.116s] Level 1:colcon.colcon_core.package_discovery:discover_packages(path) check parameters
[0.116s] Level 1:colcon.colcon_core.package_discovery:discover_packages(colcon_meta) discover
[0.116s] Level 1:colcon.colcon_core.package_discovery:discover_packages(recursive) discover
[0.116s] INFO:colcon.colcon_core.package_discovery:Crawling recursively for packages in '/home/ayush/ros2-cortex-hil-pipeline/ros2_ws'
[0.116s] Level 1:colcon.colcon_core.package_identification:_identify(.) by extensions ['ignore', 'ignore_ament_install']
[0.116s] Level 1:colcon.colcon_core.package_identification:_identify(.) by extension 'ignore'
[0.116s] Level 1:colcon.colcon_core.package_identification:_identify(.) by extension 'ignore_ament_install'
[0.116s] Level 1:colcon.colcon_core.package_identification:_identify(.) by extensions ['colcon_pkg']
[0.116s] Level 1:colcon.colcon_core.package_identification:_identify(.) by extension 'colcon_pkg'
[0.116s] Level 1:colcon.colcon_core.package_identification:_identify(.) by extensions ['colcon_meta']
[0.116s] Level 1:colcon.colcon_core.package_identification:_identify(.) by extension 'colcon_meta'
[0.116s] Level 1:colcon.colcon_core.package_identification:_identify(.) by extensions ['ros']
[0.116s] Level 1:colcon.colcon_core.package_identification:_identify(.) by extension 'ros'
[0.132s] Level 1:colcon.colcon_core.package_identification:_identify(.) by extensions ['cmake', 'python']
[0.133s] Level 1:colcon.colcon_core.package_identification:_identify(.) by extension 'cmake'
[0.133s] Level 1:colcon.colcon_core.package_identification:_identify(.) by extension 'python'
[0.133s] Level 1:colcon.colcon_core.package_identification:_identify(.) by extensions ['python_setup_py']
[0.133s] Level 1:colcon.colcon_core.package_identification:_identify(.) by extension 'python_setup_py'
[0.133s] Level 1:colcon.colcon_core.package_identification:_identify(build) by extensions ['ignore', 'ignore_ament_install']
[0.133s] Level 1:colcon.colcon_core.package_identification:_identify(build) by extension 'ignore'
[0.133s] Level 1:colcon.colcon_core.package_identification:_identify(build) ignored
[0.133s] Level 1:colcon.colcon_core.package_identification:_identify(install) by extensions ['ignore', 'ignore_ament_install']
[0.133s] Level 1:colcon.colcon_core.package_identification:_identify(install) by extension 'ignore'
[0.133s] Level 1:colcon.colcon_core.package_identification:_identify(install) ignored
[0.133s] Level 1:colcon.colcon_core.package_identification:_identify(log) by extensions ['ignore', 'ignore_ament_install']
[0.133s] Level 1:colcon.colcon_core.package_identification:_identify(log) by extension 'ignore'
[0.133s] Level 1:colcon.colcon_core.package_identification:_identify(log) ignored
[0.133s] Level 1:colcon.colcon_core.package_identification:_identify(src) by extensions ['ignore', 'ignore_ament_install']
[0.133s] Level 1:colcon.colcon_core.package_identification:_identify(src) by extension 'ignore'
[0.133s] Level 1:colcon.colcon_core.package_identification:_identify(src) by extension 'ignore_ament_install'
[0.133s] Level 1:colcon.colcon_core.package_identification:_identify(src) by extensions ['colcon_pkg']
[0.133s] Level 1:colcon.colcon_core.package_identification:_identify(src) by extension 'colcon_pkg'
[0.133s] Level 1:colcon.colcon_core.package_identification:_identify(src) by extensions ['colcon_meta']
[0.133s] Level 1:colcon.colcon_core.package_identification:_identify(src) by extension 'colcon_meta'
[0.133s] Level 1:colcon.colcon_core.package_identification:_identify(src) by extensions ['ros']
[0.133s] Level 1:colcon.colcon_core.package_identification:_identify(src) by extension 'ros'
[0.133s] Level 1:colcon.colcon_core.package_identification:_identify(src) by extensions ['cmake', 'python']
[0.133s] Level 1:colcon.colcon_core.package_identification:_identify(src) by extension 'cmake'
[0.133s] Level 1:colcon.colcon_core.package_identification:_identify(src) by extension 'python'
[0.133s] Level 1:colcon.colcon_core.package_identification:_identify(src) by extensions ['python_setup_py']
[0.133s] Level 1:colcon.colcon_core.package_identification:_identify(src) by extension 'python_setup_py'
[0.133s] Level 1:colcon.colcon_core.package_identification:_identify(src/qemu_hardware_interface) by extensions ['ignore', 'ignore_ament_install']
[0.133s] Level 1:colcon.colcon_core.package_identification:_identify(src/qemu_hardware_interface) by extension 'ignore'
[0.133s] Level 1:colcon.colcon_core.package_identification:_identify(src/qemu_hardware_interface) by extension 'ignore_ament_install'
[0.133s] Level 1:colcon.colcon_core.package_identification:_identify(src/qemu_hardware_interface) by extensions ['colcon_pkg']
[0.133s] Level 1:colcon.colcon_core.package_identification:_identify(src/qemu_hardware_interface) by extension 'colcon_pkg'
[0.133s] Level 1:colcon.colcon_core.package_identification:_identify(src/qemu_hardware_interface) by extensions ['colcon_meta']
[0.133s] Level 1:colcon.colcon_core.package_identification:_identify(src/qemu_hardware_interface) by extension 'colcon_meta'
[0.133s] Level 1:colcon.colcon_core.package_identification:_identify(src/qemu_hardware_interface) by extensions ['ros']
[0.133s] Level 1:colcon.colcon_core.package_identification:_identify(src/qemu_hardware_interface) by extension 'ros'
[0.135s] DEBUG:colcon.colcon_core.package_identification:Package 'src/qemu_hardware_interface' with type 'ros.ament_cmake' and name 'qemu_hardware_interface'
[0.135s] Level 1:colcon.colcon_core.package_identification:_identify(src/robot_bringup) by extensions ['ignore', 'ignore_ament_install']
[0.135s] Level 1:colcon.colcon_core.package_identification:_identify(src/robot_bringup) by extension 'ignore'
[0.135s] Level 1:colcon.colcon_core.package_identification:_identify(src/robot_bringup) by extension 'ignore_ament_install'
[0.135s] Level 1:colcon.colcon_core.package_identification:_identify(src/robot_bringup) by extensions ['colcon_pkg']
[0.135s] Level 1:colcon.colcon_core.package_identification:_identify(src/robot_bringup) by extension 'colcon_pkg'
[0.135s] Level 1:colcon.colcon_core.package_identification:_identify(src/robot_bringup) by extensions ['colcon_meta']
[0.135s] Level 1:colcon.colcon_core.package_identification:_identify(src/robot_bringup) by extension 'colcon_meta'
[0.135s] Level 1:colcon.colcon_core.package_identification:_identify(src/robot_bringup) by extensions ['ros']
[0.135s] Level 1:colcon.colcon_core.package_identification:_identify(src/robot_bringup) by extension 'ros'
[0.135s] DEBUG:colcon.colcon_core.package_identification:Package 'src/robot_bringup' with type 'ros.ament_cmake' and name 'robot_bringup'
[0.135s] Level 1:colcon.colcon_core.package_identification:_identify(src/robot_description) by extensions ['ignore', 'ignore_ament_install']
[0.135s] Level 1:colcon.colcon_core.package_identification:_identify(src/robot_description) by extension 'ignore'
[0.135s] Level 1:colcon.colcon_core.package_identification:_identify(src/robot_description) by extension 'ignore_ament_install'
[0.136s] Level 1:colcon.colcon_core.package_identification:_identify(src/robot_description) by extensions ['colcon_pkg']
[0.136s] Level 1:colcon.colcon_core.package_identification:_identify(src/robot_description) by extension 'colcon_pkg'
[0.136s] Level 1:colcon.colcon_core.package_identification:_identify(src/robot_description) by extensions ['colcon_meta']
[0.136s] Level 1:colcon.colcon_core.package_identification:_identify(src/robot_description) by extension 'colcon_meta'
[0.136s] Level 1:colcon.colcon_core.package_identification:_identify(src/robot_description) by extensions ['ros']
[0.136s] Level 1:colcon.colcon_core.package_identification:_identify(src/robot_description) by extension 'ros'
[0.136s] DEBUG:colcon.colcon_core.package_identification:Package 'src/robot_description' with type 'ros.ament_cmake' and name 'robot_description'
[0.136s] Level 1:colcon.colcon_core.package_discovery:discover_packages(recursive) using defaults
[0.136s] Level 1:colcon.colcon_core.package_discovery:discover_packages(ignore) discover
[0.136s] Level 1:colcon.colcon_core.package_discovery:discover_packages(ignore) using defaults
[0.136s] Level 1:colcon.colcon_core.package_discovery:discover_packages(path) discover
[0.136s] Level 1:colcon.colcon_core.package_discovery:discover_packages(path) using defaults
[0.148s] Level 1:colcon.colcon_core.package_discovery:discover_packages(prefix_path) check parameters
[0.148s] Level 1:colcon.colcon_core.package_discovery:discover_packages(prefix_path) discover
[0.149s] DEBUG:colcon.colcon_installed_package_information.package_discovery:Found 1 installed packages in /home/ayush/controls_ws/install
[0.150s] DEBUG:colcon.colcon_installed_package_information.package_discovery:Found 42 installed packages in /home/ayush/microros_ws/install
[0.151s] DEBUG:colcon.colcon_installed_package_information.package_discovery:Found 352 installed packages in /opt/ros/humble
[0.152s] Level 1:colcon.colcon_core.package_discovery:discover_packages(prefix_path) using defaults
[0.177s] Level 5:colcon.colcon_core.verb:set package 'qemu_hardware_interface' build argument 'cmake_args' from command line to 'None'
[0.177s] Level 5:colcon.colcon_core.verb:set package 'qemu_hardware_interface' build argument 'cmake_target' from command line to 'None'
[0.177s] Level 5:colcon.colcon_core.verb:set package 'qemu_hardware_interface' build argument 'cmake_target_skip_unavailable' from command line to 'False'
[0.177s] Level 5:colcon.colcon_core.verb:set package 'qemu_hardware_interface' build argument 'cmake_clean_cache' from command line to 'False'
[0.177s] Level 5:colcon.colcon_core.verb:set package 'qemu_hardware_interface' build argument 'cmake_clean_first' from command line to 'False'
[0.177s] Level 5:colcon.colcon_core.verb:set package 'qemu_hardware_interface' build argument 'cmake_force_configure' from command line to 'False'
[0.177s] Level 5:colcon.colcon_core.verb:set package 'qemu_hardware_interface' build argument 'ament_cmake_args' from command line to 'None'
[0.177s] Level 5:colcon.colcon_core.verb:set package 'qemu_hardware_interface' build argument 'catkin_cmake_args' from command line to 'None'
[0.177s] Level 5:colcon.colcon_core.verb:set package 'qemu_hardware_interface' build argument 'catkin_skip_building_tests' from command line to 'False'
[0.177s] DEBUG:colcon.colcon_core.verb:Building package 'qemu_hardware_interface' with the following arguments: {'ament_cmake_args': None, 'build_base': '/home/ayush/ros2-cortex-hil-pipeline/ros2_ws/build/qemu_hardware_interface', 'catkin_cmake_args': None, 'catkin_skip_building_tests': False, 'cmake_args': None, 'cmake_clean_cache': False, 'cmake_clean_first': False, 'cmake_force_configure': False, 'cmake_target': None, 'cmake_target_skip_unavailable': False, 'install_base': '/home/ayush/ros2-cortex-hil-pipeline/ros2_ws/install/qemu_hardware_interface', 'merge_install': False, 'path': '/home/ayush/ros2-cortex-hil-pipeline/ros2_ws/src/qemu_hardware_interface', 'symlink_install': False, 'test_result_base': None}
[0.177s] Level 5:colcon.colcon_core.verb:set package 'robot_description' build argument 'cmake_args' from command line to 'None'
[0.177s] Level 5:colcon.colcon_core.verb:set package 'robot_description' build argument 'cmake_target' from command line to 'None'
[0.177s] Level 5:colcon.colcon_core.verb:set package 'robot_description' build argument 'cmake_target_skip_unavailable' from command line to 'False'
[0.178s] Level 5:colcon.colcon_core.verb:set package 'robot_description' build argument 'cmake_clean_cache' from command line to 'False'
[0.178s] Level 5:colcon.colcon_core.verb:set package 'robot_description' build argument 'cmake_clean_first' from command line to 'False'
[0.178s] Level 5:colcon.colcon_core.verb:set package 'robot_description' build argument 'cmake_force_configure' from command line to 'False'
[0.178s] Level 5:colcon.colcon_core.verb:set package 'robot_description' build argument 'ament_cmake_args' from command line to 'None'
[0.178s] Level 5:colcon.colcon_core.verb:set package 'robot_description' build argument 'catkin_cmake_args' from command line to 'None'
[0.178s] Level 5:colcon.colcon_core.verb:set package 'robot_description' build argument 'catkin_skip_building_tests' from command line to 'False'
[0.178s] DEBUG:colcon.colcon_core.verb:Building package 'robot_description' with the following arguments: {'ament_cmake_args': None, 'build_base': '/home/ayush/ros2-cortex-hil-pipeline/ros2_ws/build/robot_description', 'catkin_cmake_args': None, 'catkin_skip_building_tests': False, 'cmake_args': None, 'cmake_clean_cache': False, 'cmake_clean_first': False, 'cmake_force_configure': False, 'cmake_target': None, 'cmake_target_skip_unavailable': False, 'install_base': '/home/ayush/ros2-cortex-hil-pipeline/ros2_ws/install/robot_description', 'merge_install': False, 'path': '/home/ayush/ros2-cortex-hil-pipeline/ros2_ws/src/robot_description', 'symlink_install': False, 'test_result_base': None}
[0.178s] Level 5:colcon.colcon_core.verb:set package 'robot_bringup' build argument 'cmake_args' from command line to 'None'
[0.178s] Level 5:colcon.colcon_core.verb:set package 'robot_bringup' build argument 'cmake_target' from command line to 'None'
[0.178s] Level 5:colcon.colcon_core.verb:set package 'robot_bringup' build argument 'cmake_target_skip_unavailable' from command line to 'False'
[0.178s] Level 5:colcon.colcon_core.verb:set package 'robot_bringup' build argument 'cmake_clean_cache' from command line to 'False'
[0.178s] Level 5:colcon.colcon_core.verb:set package 'robot_bringup' build argument 'cmake_clean_first' from command line to 'False'
[0.178s] Level 5:colcon.colcon_core.verb:set package 'robot_bringup' build argument 'cmake_force_configure' from command line to 'False'
[0.178s] Level 5:colcon.colcon_core.verb:set package 'robot_bringup' build argument 'ament_cmake_args' from command line to 'None'
[0.178s] Level 5:colcon.colcon_core.verb:set package 'robot_bringup' build argument 'catkin_cmake_args' from command line to 'None'
[0.178s] Level 5:colcon.colcon_core.verb:set package 'robot_bringup' build argument 'catkin_skip_building_tests' from command line to 'False'
[0.178s] DEBUG:colcon.colcon_core.verb:Building package 'robot_bringup' with the following arguments: {'ament_cmake_args': None, 'build_base': '/home/ayush/ros2-cortex-hil-pipeline/ros2_ws/build/robot_bringup', 'catkin_cmake_args': None, 'catkin_skip_building_tests': False, 'cmake_args': None, 'cmake_clean_cache': False, 'cmake_clean_first': False, 'cmake_force_configure': False, 'cmake_target': None, 'cmake_target_skip_unavailable': False, 'install_base': '/home/ayush/ros2-cortex-hil-pipeline/ros2_ws/install/robot_bringup', 'merge_install': False, 'path': '/home/ayush/ros2-cortex-hil-pipeline/ros2_ws/src/robot_bringup', 'symlink_install': False, 'test_result_base': None}
[0.178s] INFO:colcon.colcon_core.executor:Executing jobs using 'parallel' executor
[0.179s] DEBUG:colcon.colcon_parallel_executor.executor.parallel:run_until_complete
[0.179s] INFO:colcon.colcon_ros.task.ament_cmake.build:Building ROS package in '/home/ayush/ros2-cortex-hil-pipeline/ros2_ws/src/qemu_hardware_interface' with build type 'ament_cmake'
[0.179s] INFO:colcon.colcon_cmake.task.cmake.build:Building CMake package in '/home/ayush/ros2-cortex-hil-pipeline/ros2_ws/src/qemu_hardware_interface'
[0.180s] INFO:colcon.colcon_core.plugin_system:Skipping extension 'colcon_core.shell.bat': Not used on non-Windows systems
[0.180s] INFO:colcon.colcon_core.shell:Skip shell extension 'powershell' for command environment: Not usable outside of PowerShell
[0.180s] DEBUG:colcon.colcon_core.shell:Skip shell extension 'dsv' for command environment
[0.183s] INFO:colcon.colcon_ros.task.ament_cmake.build:Building ROS package in '/home/ayush/ros2-cortex-hil-pipeline/ros2_ws/src/robot_description' with build type 'ament_cmake'
[0.183s] INFO:colcon.colcon_cmake.task.cmake.build:Building CMake package in '/home/ayush/ros2-cortex-hil-pipeline/ros2_ws/src/robot_description'
[0.184s] INFO:colcon.colcon_core.shell:Skip shell extension 'powershell' for command environment: Not usable outside of PowerShell
[0.184s] DEBUG:colcon.colcon_core.shell:Skip shell extension 'dsv' for command environment
[0.188s] DEBUG:colcon.colcon_core.event_handler.log_command:Invoking command in '/home/ayush/ros2-cortex-hil-pipeline/ros2_ws/build/qemu_hardware_interface': CMAKE_PREFIX_PATH=${CMAKE_PREFIX_PATH}:/home/ayush/microros_ws/install/sensor_msgs_py:/home/ayush/microros_ws/install/my_py_pkg:/home/ayush/microros_ws/install/my_py_node:/home/ayush/microros_ws/install/joy_bridge:/opt/ros/humble /usr/bin/cmake --build /home/ayush/ros2-cortex-hil-pipeline/ros2_ws/build/qemu_hardware_interface -- -j20 -l20
[0.191s] DEBUG:colcon.colcon_core.event_handler.log_command:Invoking command in '/home/ayush/ros2-cortex-hil-pipeline/ros2_ws/build/robot_description': CMAKE_PREFIX_PATH=${CMAKE_PREFIX_PATH}:/home/ayush/microros_ws/install/sensor_msgs_py:/home/ayush/microros_ws/install/my_py_pkg:/home/ayush/microros_ws/install/my_py_node:/home/ayush/microros_ws/install/joy_bridge:/opt/ros/humble /usr/bin/cmake /home/ayush/ros2-cortex-hil-pipeline/ros2_ws/src/robot_description -DCMAKE_INSTALL_PREFIX=/home/ayush/ros2-cortex-hil-pipeline/ros2_ws/install/robot_description
[0.305s] DEBUG:colcon.colcon_core.event_handler.log_command:Invoked command in '/home/ayush/ros2-cortex-hil-pipeline/ros2_ws/build/qemu_hardware_interface' returned '0': CMAKE_PREFIX_PATH=${CMAKE_PREFIX_PATH}:/home/ayush/microros_ws/install/sensor_msgs_py:/home/ayush/microros_ws/install/my_py_pkg:/home/ayush/microros_ws/install/my_py_node:/home/ayush/microros_ws/install/joy_bridge:/opt/ros/humble /usr/bin/cmake --build /home/ayush/ros2-cortex-hil-pipeline/ros2_ws/build/qemu_hardware_interface -- -j20 -l20
[0.323s] DEBUG:colcon.colcon_core.event_handler.log_command:Invoking command in '/home/ayush/ros2-cortex-hil-pipeline/ros2_ws/build/qemu_hardware_interface': CMAKE_PREFIX_PATH=${CMAKE_PREFIX_PATH}:/home/ayush/microros_ws/install/sensor_msgs_py:/home/ayush/microros_ws/install/my_py_pkg:/home/ayush/microros_ws/install/my_py_node:/home/ayush/microros_ws/install/joy_bridge:/opt/ros/humble /usr/bin/cmake --install /home/ayush/ros2-cortex-hil-pipeline/ros2_ws/build/qemu_hardware_interface
[0.341s] Level 1:colcon.colcon_core.environment:create_environment_scripts_only(qemu_hardware_interface)
[0.342s] DEBUG:colcon.colcon_core.event_handler.log_command:Invoked command in '/home/ayush/ros2-cortex-hil-pipeline/ros2_ws/build/qemu_hardware_interface' returned '0': CMAKE_PREFIX_PATH=${CMAKE_PREFIX_PATH}:/home/ayush/microros_ws/install/sensor_msgs_py:/home/ayush/microros_ws/install/my_py_pkg:/home/ayush/microros_ws/install/my_py_node:/home/ayush/microros_ws/install/joy_bridge:/opt/ros/humble /usr/bin/cmake --install /home/ayush/ros2-cortex-hil-pipeline/ros2_ws/build/qemu_hardware_interface
[0.346s] Level 1:colcon.colcon_core.environment:checking '/home/ayush/ros2-cortex-hil-pipeline/ros2_ws/install/qemu_hardware_interface' for CMake module files
[0.347s] Level 1:colcon.colcon_core.environment:checking '/home/ayush/ros2-cortex-hil-pipeline/ros2_ws/install/qemu_hardware_interface' for CMake config files
[0.348s] Level 1:colcon.colcon_core.shell:create_environment_hook('qemu_hardware_interface', 'cmake_prefix_path')
[0.348s] INFO:colcon.colcon_core.shell:Creating environment hook '/home/ayush/ros2-cortex-hil-pipeline/ros2_ws/install/qemu_hardware_interface/share/qemu_hardware_interface/hook/cmake_prefix_path.ps1'
[0.350s] INFO:colcon.colcon_core.shell:Creating environment descriptor '/home/ayush/ros2-cortex-hil-pipeline/ros2_ws/install/qemu_hardware_interface/share/qemu_hardware_interface/hook/cmake_prefix_path.dsv'
[0.350s] INFO:colcon.colcon_core.shell:Creating environment hook '/home/ayush/ros2-cortex-hil-pipeline/ros2_ws/install/qemu_hardware_interface/share/qemu_hardware_interface/hook/cmake_prefix_path.sh'
[0.352s] Level 1:colcon.colcon_core.environment:checking '/home/ayush/ros2-cortex-hil-pipeline/ros2_ws/install/qemu_hardware_interface/lib'
[0.352s] Level 1:colcon.colcon_core.shell:create_environment_hook('qemu_hardware_interface', 'ld_library_path_lib')
[0.353s] INFO:colcon.colcon_core.shell:Creating environment hook '/home/ayush/ros2-cortex-hil-pipeline/ros2_ws/install/qemu_hardware_interface/share/qemu_hardware_interface/hook/ld_library_path_lib.ps1'
[0.354s] INFO:colcon.colcon_core.shell:Creating environment descriptor '/home/ayush/ros2-cortex-hil-pipeline/ros2_ws/install/qemu_hardware_interface/share/qemu_hardware_interface/hook/ld_library_path_lib.dsv'
[0.354s] INFO:colcon.colcon_core.shell:Creating environment hook '/home/ayush/ros2-cortex-hil-pipeline/ros2_ws/install/qemu_hardware_interface/share/qemu_hardware_interface/hook/ld_library_path_lib.sh'
[0.355s] Level 1:colcon.colcon_core.environment:checking '/home/ayush/ros2-cortex-hil-pipeline/ros2_ws/install/qemu_hardware_interface/bin'
[0.355s] Level 1:colcon.colcon_core.environment:checking '/home/ayush/ros2-cortex-hil-pipeline/ros2_ws/install/qemu_hardware_interface/lib/pkgconfig/qemu_hardware_interface.pc'
[0.355s] Level 1:colcon.colcon_core.environment:checking '/home/ayush/ros2-cortex-hil-pipeline/ros2_ws/install/qemu_hardware_interface/lib/python3.10/site-packages'
[0.356s] Level 1:colcon.colcon_core.environment:checking '/home/ayush/ros2-cortex-hil-pipeline/ros2_ws/install/qemu_hardware_interface/bin'
[0.356s] INFO:colcon.colcon_core.shell:Creating package script '/home/ayush/ros2-cortex-hil-pipeline/ros2_ws/install/qemu_hardware_interface/share/qemu_hardware_interface/package.ps1'
[0.358s] INFO:colcon.colcon_core.shell:Creating package descriptor '/home/ayush/ros2-cortex-hil-pipeline/ros2_ws/install/qemu_hardware_interface/share/qemu_hardware_interface/package.dsv'
[0.358s] INFO:colcon.colcon_core.shell:Creating package script '/home/ayush/ros2-cortex-hil-pipeline/ros2_ws/install/qemu_hardware_interface/share/qemu_hardware_interface/package.sh'
[0.359s] INFO:colcon.colcon_core.shell:Creating package script '/home/ayush/ros2-cortex-hil-pipeline/ros2_ws/install/qemu_hardware_interface/share/qemu_hardware_interface/package.bash'
[0.360s] INFO:colcon.colcon_core.shell:Creating package script '/home/ayush/ros2-cortex-hil-pipeline/ros2_ws/install/qemu_hardware_interface/share/qemu_hardware_interface/package.zsh'
[0.361s] Level 1:colcon.colcon_core.environment:create_file_with_runtime_dependencies(/home/ayush/ros2-cortex-hil-pipeline/ros2_ws/install/qemu_hardware_interface/share/colcon-core/packages/qemu_hardware_interface)
[0.362s] Level 1:colcon.colcon_core.environment:create_environment_scripts_only(qemu_hardware_interface)
[0.362s] Level 1:colcon.colcon_core.environment:checking '/home/ayush/ros2-cortex-hil-pipeline/ros2_ws/install/qemu_hardware_interface' for CMake module files
[0.363s] Level 1:colcon.colcon_core.environment:checking '/home/ayush/ros2-cortex-hil-pipeline/ros2_ws/install/qemu_hardware_interface' for CMake config files
[0.363s] Level 1:colcon.colcon_core.shell:create_environment_hook('qemu_hardware_interface', 'cmake_prefix_path')
[0.363s] INFO:colcon.colcon_core.shell:Creating environment hook '/home/ayush/ros2-cortex-hil-pipeline/ros2_ws/install/qemu_hardware_interface/share/qemu_hardware_interface/hook/cmake_prefix_path.ps1'
[0.364s] INFO:colcon.colcon_core.shell:Creating environment descriptor '/home/ayush/ros2-cortex-hil-pipeline/ros2_ws/install/qemu_hardware_interface/share/qemu_hardware_interface/hook/cmake_prefix_path.dsv'
[0.364s] INFO:colcon.colcon_core.shell:Creating environment hook '/home/ayush/ros2-cortex-hil-pipeline/ros2_ws/install/qemu_hardware_interface/share/qemu_hardware_interface/hook/cmake_prefix_path.sh'
[0.365s] Level 1:colcon.colcon_core.environment:checking '/home/ayush/ros2-cortex-hil-pipeline/ros2_ws/install/qemu_hardware_interface/lib'
[0.365s] Level 1:colcon.colcon_core.shell:create_environment_hook('qemu_hardware_interface', 'ld_library_path_lib')
[0.366s] INFO:colcon.colcon_core.shell:Creating environment hook '/home/ayush/ros2-cortex-hil-pipeline/ros2_ws/install/qemu_hardware_interface/share/qemu_hardware_interface/hook/ld_library_path_lib.ps1'
[0.366s] INFO:colcon.colcon_core.shell:Creating environment descriptor '/home/ayush/ros2-cortex-hil-pipeline/ros2_ws/install/qemu_hardware_interface/share/qemu_hardware_interface/hook/ld_library_path_lib.dsv'
[0.367s] INFO:colcon.colcon_core.shell:Creating environment hook '/home/ayush/ros2-cortex-hil-pipeline/ros2_ws/install/qemu_hardware_interface/share/qemu_hardware_interface/hook/ld_library_path_lib.sh'
[0.367s] Level 1:colcon.colcon_core.environment:checking '/home/ayush/ros2-cortex-hil-pipeline/ros2_ws/install/qemu_hardware_interface/bin'
[0.367s] Level 1:colcon.colcon_core.environment:checking '/home/ayush/ros2-cortex-hil-pipeline/ros2_ws/install/qemu_hardware_interface/lib/pkgconfig/qemu_hardware_interface.pc'
[0.367s] Level 1:colcon.colcon_core.environment:checking '/home/ayush/ros2-cortex-hil-pipeline/ros2_ws/install/qemu_hardware_interface/lib/python3.10/site-packages'
[0.368s] Level 1:colcon.colcon_core.environment:checking '/home/ayush/ros2-cortex-hil-pipeline/ros2_ws/install/qemu_hardware_interface/bin'
[0.368s] INFO:colcon.colcon_core.shell:Creating package script '/home/ayush/ros2-cortex-hil-pipeline/ros2_ws/install/qemu_hardware_interface/share/qemu_hardware_interface/package.ps1'
[0.369s] INFO:colcon.colcon_core.shell:Creating package descriptor '/home/ayush/ros2-cortex-hil-pipeline/ros2_ws/install/qemu_hardware_interface/share/qemu_hardware_interface/package.dsv'
[0.370s] INFO:colcon.colcon_core.shell:Creating package script '/home/ayush/ros2-cortex-hil-pipeline/ros2_ws/install/qemu_hardware_interface/share/qemu_hardware_interface/package.sh'
[0.370s] INFO:colcon.colcon_core.shell:Creating package script '/home/ayush/ros2-cortex-hil-pipeline/ros2_ws/install/qemu_hardware_interface/share/qemu_hardware_interface/package.bash'
[0.371s] INFO:colcon.colcon_core.shell:Creating package script '/home/ayush/ros2-cortex-hil-pipeline/ros2_ws/install/qemu_hardware_interface/share/qemu_hardware_interface/package.zsh'
[0.371s] Level 1:colcon.colcon_core.environment:create_file_with_runtime_dependencies(/home/ayush/ros2-cortex-hil-pipeline/ros2_ws/install/qemu_hardware_interface/share/colcon-core/packages/qemu_hardware_interface)
[1.628s] DEBUG:colcon.colcon_core.event_handler.log_command:Invoked command in '/home/ayush/ros2-cortex-hil-pipeline/ros2_ws/build/robot_description' returned '0': CMAKE_PREFIX_PATH=${CMAKE_PREFIX_PATH}:/home/ayush/microros_ws/install/sensor_msgs_py:/home/ayush/microros_ws/install/my_py_pkg:/home/ayush/microros_ws/install/my_py_node:/home/ayush/microros_ws/install/joy_bridge:/opt/ros/humble /usr/bin/cmake /home/ayush/ros2-cortex-hil-pipeline/ros2_ws/src/robot_description -DCMAKE_INSTALL_PREFIX=/home/ayush/ros2-cortex-hil-pipeline/ros2_ws/install/robot_description
[1.630s] DEBUG:colcon.colcon_core.event_handler.log_command:Invoking command in '/home/ayush/ros2-cortex-hil-pipeline/ros2_ws/build/robot_description': CMAKE_PREFIX_PATH=${CMAKE_PREFIX_PATH}:/home/ayush/microros_ws/install/sensor_msgs_py:/home/ayush/microros_ws/install/my_py_pkg:/home/ayush/microros_ws/install/my_py_node:/home/ayush/microros_ws/install/joy_bridge:/opt/ros/humble /usr/bin/cmake --build /home/ayush/ros2-cortex-hil-pipeline/ros2_ws/build/robot_description -- -j20 -l20
[1.691s] DEBUG:colcon.colcon_core.event_handler.log_command:Invoked command in '/home/ayush/ros2-cortex-hil-pipeline/ros2_ws/build/robot_description' returned '0': CMAKE_PREFIX_PATH=${CMAKE_PREFIX_PATH}:/home/ayush/microros_ws/install/sensor_msgs_py:/home/ayush/microros_ws/install/my_py_pkg:/home/ayush/microros_ws/install/my_py_node:/home/ayush/microros_ws/install/joy_bridge:/opt/ros/humble /usr/bin/cmake --build /home/ayush/ros2-cortex-hil-pipeline/ros2_ws/build/robot_description -- -j20 -l20
[1.694s] DEBUG:colcon.colcon_core.event_handler.log_command:Invoking command in '/home/ayush/ros2-cortex-hil-pipeline/ros2_ws/build/robot_description': CMAKE_PREFIX_PATH=${CMAKE_PREFIX_PATH}:/home/ayush/microros_ws/install/sensor_msgs_py:/home/ayush/microros_ws/install/my_py_pkg:/home/ayush/microros_ws/install/my_py_node:/home/ayush/microros_ws/install/joy_bridge:/opt/ros/humble /usr/bin/cmake --install /home/ayush/ros2-cortex-hil-pipeline/ros2_ws/build/robot_description
[1.710s] Level 1:colcon.colcon_core.environment:create_environment_scripts_only(robot_description)
[1.710s] Level 1:colcon.colcon_core.environment:checking '/home/ayush/ros2-cortex-hil-pipeline/ros2_ws/install/robot_description' for CMake module files
[1.711s] DEBUG:colcon.colcon_core.event_handler.log_command:Invoked command in '/home/ayush/ros2-cortex-hil-pipeline/ros2_ws/build/robot_description' returned '0': CMAKE_PREFIX_PATH=${CMAKE_PREFIX_PATH}:/home/ayush/microros_ws/install/sensor_msgs_py:/home/ayush/microros_ws/install/my_py_pkg:/home/ayush/microros_ws/install/my_py_node:/home/ayush/microros_ws/install/joy_bridge:/opt/ros/humble /usr/bin/cmake --install /home/ayush/ros2-cortex-hil-pipeline/ros2_ws/build/robot_description
[1.712s] Level 1:colcon.colcon_core.environment:checking '/home/ayush/ros2-cortex-hil-pipeline/ros2_ws/install/robot_description' for CMake config files
[1.712s] Level 1:colcon.colcon_core.shell:create_environment_hook('robot_description', 'cmake_prefix_path')
[1.713s] INFO:colcon.colcon_core.shell:Creating environment hook '/home/ayush/ros2-cortex-hil-pipeline/ros2_ws/install/robot_description/share/robot_description/hook/cmake_prefix_path.ps1'
[1.714s] INFO:colcon.colcon_core.shell:Creating environment descriptor '/home/ayush/ros2-cortex-hil-pipeline/ros2_ws/install/robot_description/share/robot_description/hook/cmake_prefix_path.dsv'
[1.714s] INFO:colcon.colcon_core.shell:Creating environment hook '/home/ayush/ros2-cortex-hil-pipeline/ros2_ws/install/robot_description/share/robot_description/hook/cmake_prefix_path.sh'
[1.715s] Level 1:colcon.colcon_core.environment:checking '/home/ayush/ros2-cortex-hil-pipeline/ros2_ws/install/robot_description/bin'
[1.715s] Level 1:colcon.colcon_core.environment:checking '/home/ayush/ros2-cortex-hil-pipeline/ros2_ws/install/robot_description/lib/pkgconfig/robot_description.pc'
[1.716s] Level 1:colcon.colcon_core.environment:checking '/home/ayush/ros2-cortex-hil-pipeline/ros2_ws/install/robot_description/lib/python3.10/site-packages'
[1.717s] Level 1:colcon.colcon_core.environment:checking '/home/ayush/ros2-cortex-hil-pipeline/ros2_ws/install/robot_description/bin'
[1.717s] INFO:colcon.colcon_core.shell:Creating package script '/home/ayush/ros2-cortex-hil-pipeline/ros2_ws/install/robot_description/share/robot_description/package.ps1'
[1.718s] INFO:colcon.colcon_core.shell:Creating package descriptor '/home/ayush/ros2-cortex-hil-pipeline/ros2_ws/install/robot_description/share/robot_description/package.dsv'
[1.719s] INFO:colcon.colcon_core.shell:Creating package script '/home/ayush/ros2-cortex-hil-pipeline/ros2_ws/install/robot_description/share/robot_description/package.sh'
[1.720s] INFO:colcon.colcon_core.shell:Creating package script '/home/ayush/ros2-cortex-hil-pipeline/ros2_ws/install/robot_description/share/robot_description/package.bash'
[1.720s] INFO:colcon.colcon_core.shell:Creating package script '/home/ayush/ros2-cortex-hil-pipeline/ros2_ws/install/robot_description/share/robot_description/package.zsh'
[1.721s] Level 1:colcon.colcon_core.environment:create_file_with_runtime_dependencies(/home/ayush/ros2-cortex-hil-pipeline/ros2_ws/install/robot_description/share/colcon-core/packages/robot_description)
[1.721s] Level 1:colcon.colcon_core.environment:create_environment_scripts_only(robot_description)
[1.722s] Level 1:colcon.colcon_core.environment:checking '/home/ayush/ros2-cortex-hil-pipeline/ros2_ws/install/robot_description' for CMake module files
[1.722s] Level 1:colcon.colcon_core.environment:checking '/home/ayush/ros2-cortex-hil-pipeline/ros2_ws/install/robot_description' for CMake config files
[1.722s] Level 1:colcon.colcon_core.shell:create_environment_hook('robot_description', 'cmake_prefix_path')
[1.723s] INFO:colcon.colcon_core.shell:Creating environment hook '/home/ayush/ros2-cortex-hil-pipeline/ros2_ws/install/robot_description/share/robot_description/hook/cmake_prefix_path.ps1'
[1.723s] INFO:colcon.colcon_core.shell:Creating environment descriptor '/home/ayush/ros2-cortex-hil-pipeline/ros2_ws/install/robot_description/share/robot_description/hook/cmake_prefix_path.dsv'
[1.724s] INFO:colcon.colcon_core.shell:Creating environment hook '/home/ayush/ros2-cortex-hil-pipeline/ros2_ws/install/robot_description/share/robot_description/hook/cmake_prefix_path.sh'
[1.724s] Level 1:colcon.colcon_core.environment:checking '/home/ayush/ros2-cortex-hil-pipeline/ros2_ws/install/robot_description/bin'
[1.724s] Level 1:colcon.colcon_core.environment:checking '/home/ayush/ros2-cortex-hil-pipeline/ros2_ws/install/robot_description/lib/pkgconfig/robot_description.pc'
[1.725s] Level 1:colcon.colcon_core.environment:checking '/home/ayush/ros2-cortex-hil-pipeline/ros2_ws/install/robot_description/lib/python3.10/site-packages'
[1.725s] Level 1:colcon.colcon_core.environment:checking '/home/ayush/ros2-cortex-hil-pipeline/ros2_ws/install/robot_description/bin'
[1.725s] INFO:colcon.colcon_core.shell:Creating package script '/home/ayush/ros2-cortex-hil-pipeline/ros2_ws/install/robot_description/share/robot_description/package.ps1'
[1.726s] INFO:colcon.colcon_core.shell:Creating package descriptor '/home/ayush/ros2-cortex-hil-pipeline/ros2_ws/install/robot_description/share/robot_description/package.dsv'
[1.727s] INFO:colcon.colcon_core.shell:Creating package script '/home/ayush/ros2-cortex-hil-pipeline/ros2_ws/install/robot_description/share/robot_description/package.sh'
[1.727s] INFO:colcon.colcon_core.shell:Creating package script '/home/ayush/ros2-cortex-hil-pipeline/ros2_ws/install/robot_description/share/robot_description/package.bash'
[1.728s] INFO:colcon.colcon_core.shell:Creating package script '/home/ayush/ros2-cortex-hil-pipeline/ros2_ws/install/robot_description/share/robot_description/package.zsh'
[1.728s] Level 1:colcon.colcon_core.environment:create_file_with_runtime_dependencies(/home/ayush/ros2-cortex-hil-pipeline/ros2_ws/install/robot_description/share/colcon-core/packages/robot_description)
[1.728s] INFO:colcon.colcon_ros.task.ament_cmake.build:Building ROS package in '/home/ayush/ros2-cortex-hil-pipeline/ros2_ws/src/robot_bringup' with build type 'ament_cmake'
[1.729s] INFO:colcon.colcon_cmake.task.cmake.build:Building CMake package in '/home/ayush/ros2-cortex-hil-pipeline/ros2_ws/src/robot_bringup'
[1.729s] INFO:colcon.colcon_core.shell:Skip shell extension 'powershell' for command environment: Not usable outside of PowerShell
[1.729s] DEBUG:colcon.colcon_core.shell:Skip shell extension 'dsv' for command environment
[1.749s] DEBUG:colcon.colcon_core.event_handler.log_command:Invoking command in '/home/ayush/ros2-cortex-hil-pipeline/ros2_ws/build/robot_bringup': AMENT_PREFIX_PATH=/home/ayush/ros2-cortex-hil-pipeline/ros2_ws/install/robot_description:/home/ayush/ros2-cortex-hil-pipeline/ros2_ws/install/qemu_hardware_interface:${AMENT_PREFIX_PATH} CMAKE_PREFIX_PATH=/home/ayush/ros2-cortex-hil-pipeline/ros2_ws/install/robot_description:/home/ayush/ros2-cortex-hil-pipeline/ros2_ws/install/qemu_hardware_interface:/home/ayush/microros_ws/install/micro_ros_demos_rclc:/home/ayush/microros_ws/install/common_interfaces:/home/ayush/microros_ws/install/visualization_msgs:/home/ayush/microros_ws/install/test_msgs:/home/ayush/microros_ws/install/example_interfaces:/home/ayush/microros_ws/install/action_msgs:/home/ayush/microros_ws/install/unique_identifier_msgs:/home/ayush/microros_ws/install/trajectory_msgs:/home/ayush/microros_ws/install/stereo_msgs:/home/ayush/microros_ws/install/std_srvs:/home/ayush/microros_ws/install/shape_msgs:/home/ayush/microros_ws/install/sensor_msgs:/home/ayush/microros_ws/install/nav_msgs:/home/ayush/microros_ws/install/diagnostic_msgs:/home/ayush/microros_ws/install/geometry_msgs:/home/ayush/microros_ws/install/actionlib_msgs:/home/ayush/microros_ws/install/std_msgs:/home/ayush/microros_ws/install/statistics_msgs:/home/ayush/microros_ws/install/rosidl_typesupport_microxrcedds_test_msg:/home/ayush/microros_ws/install/rosidl_typesupport_microxrcedds_cpp_tests:/home/ayush/microros_ws/install/rmw_microxrcedds:/home/ayush/microros_ws/install/rosidl_typesupport_microxrcedds_cpp:/home/ayush/microros_ws/install/rosidl_typesupport_microxrcedds_c_tests:/home/ayush/microros_ws/install/rosidl_typesupport_microxrcedds_c:/home/ayush/microros_ws/install/rosgraph_msgs:/home/ayush/microros_ws/install/rclc_parameter:/home/ayush/microros_ws/install/rclc:/home/ayush/microros_ws/install/composition_interfaces:/home/ayush/microros_ws/install/rcl_interfaces:/home/ayush/microros_ws/install/microxrcedds_client:/home/ayush/microros_ws/install/microcdr:/home/ayush/microros_ws/install/micro_ros_utilities:/home/ayush/microros_ws/install/micro_ros_setup:/home/ayush/microros_ws/install/micro_ros_agent:/home/ayush/microros_ws/install/micro_ros_msgs:/home/ayush/microros_ws/install/lifecycle_msgs:/home/ayush/microros_ws/install/complex_msgs:/home/ayush/microros_ws/install/builtin_interfaces:/home/ayush/microros_ws/install/sensor_msgs_py:/home/ayush/microros_ws/install/my_py_pkg:/home/ayush/microros_ws/install/my_py_node:/home/ayush/microros_ws/install/joy_bridge:/opt/ros/humble LD_LIBRARY_PATH=/home/ayush/ros2-cortex-hil-pipeline/ros2_ws/install/qemu_hardware_interface/lib:${LD_LIBRARY_PATH} /usr/bin/cmake /home/ayush/ros2-cortex-hil-pipeline/ros2_ws/src/robot_bringup -DCMAKE_INSTALL_PREFIX=/home/ayush/ros2-cortex-hil-pipeline/ros2_ws/install/robot_bringup
[3.000s] DEBUG:colcon.colcon_core.event_handler.log_command:Invoked command in '/home/ayush/ros2-cortex-hil-pipeline/ros2_ws/build/robot_bringup' returned '0': AMENT_PREFIX_PATH=/home/ayush/ros2-cortex-hil-pipeline/ros2_ws/install/robot_description:/home/ayush/ros2-cortex-hil-pipeline/ros2_ws/install/qemu_hardware_interface:${AMENT_PREFIX_PATH} CMAKE_PREFIX_PATH=/home/ayush/ros2-cortex-hil-pipeline/ros2_ws/install/robot_description:/home/ayush/ros2-cortex-hil-pipeline/ros2_ws/install/qemu_hardware_interface:/home/ayush/microros_ws/install/micro_ros_demos_rclc:/home/ayush/microros_ws/install/common_interfaces:/home/ayush/microros_ws/install/visualization_msgs:/home/ayush/microros_ws/install/test_msgs:/home/ayush/microros_ws/install/example_interfaces:/home/ayush/microros_ws/install/action_msgs:/home/ayush/microros_ws/install/unique_identifier_msgs:/home/ayush/microros_ws/install/trajectory_msgs:/home/ayush/microros_ws/install/stereo_msgs:/home/ayush/microros_ws/install/std_srvs:/home/ayush/microros_ws/install/shape_msgs:/home/ayush/microros_ws/install/sensor_msgs:/home/ayush/microros_ws/install/nav_msgs:/home/ayush/microros_ws/install/diagnostic_msgs:/home/ayush/microros_ws/install/geometry_msgs:/home/ayush/microros_ws/install/actionlib_msgs:/home/ayush/microros_ws/install/std_msgs:/home/ayush/microros_ws/install/statistics_msgs:/home/ayush/microros_ws/install/rosidl_typesupport_microxrcedds_test_msg:/home/ayush/microros_ws/install/rosidl_typesupport_microxrcedds_cpp_tests:/home/ayush/microros_ws/install/rmw_microxrcedds:/home/ayush/microros_ws/install/rosidl_typesupport_microxrcedds_cpp:/home/ayush/microros_ws/install/rosidl_typesupport_microxrcedds_c_tests:/home/ayush/microros_ws/install/rosidl_typesupport_microxrcedds_c:/home/ayush/microros_ws/install/rosgraph_msgs:/home/ayush/microros_ws/install/rclc_parameter:/home/ayush/microros_ws/install/rclc:/home/ayush/microros_ws/install/composition_interfaces:/home/ayush/microros_ws/install/rcl_interfaces:/home/ayush/microros_ws/install/microxrcedds_client:/home/ayush/microros_ws/install/microcdr:/home/ayush/microros_ws/install/micro_ros_utilities:/home/ayush/microros_ws/install/micro_ros_setup:/home/ayush/microros_ws/install/micro_ros_agent:/home/ayush/microros_ws/install/micro_ros_msgs:/home/ayush/microros_ws/install/lifecycle_msgs:/home/ayush/microros_ws/install/complex_msgs:/home/ayush/microros_ws/install/builtin_interfaces:/home/ayush/microros_ws/install/sensor_msgs_py:/home/ayush/microros_ws/install/my_py_pkg:/home/ayush/microros_ws/install/my_py_node:/home/ayush/microros_ws/install/joy_bridge:/opt/ros/humble LD_LIBRARY_PATH=/home/ayush/ros2-cortex-hil-pipeline/ros2_ws/install/qemu_hardware_interface/lib:${LD_LIBRARY_PATH} /usr/bin/cmake /home/ayush/ros2-cortex-hil-pipeline/ros2_ws/src/robot_bringup -DCMAKE_INSTALL_PREFIX=/home/ayush/ros2-cortex-hil-pipeline/ros2_ws/install/robot_bringup
[3.001s] DEBUG:colcon.colcon_core.event_handler.log_command:Invoking command in '/home/ayush/ros2-cortex-hil-pipeline/ros2_ws/build/robot_bringup': AMENT_PREFIX_PATH=/home/ayush/ros2-cortex-hil-pipeline/ros2_ws/install/robot_description:/home/ayush/ros2-cortex-hil-pipeline/ros2_ws/install/qemu_hardware_interface:${AMENT_PREFIX_PATH} CMAKE_PREFIX_PATH=/home/ayush/ros2-cortex-hil-pipeline/ros2_ws/install/robot_description:/home/ayush/ros2-cortex-hil-pipeline/ros2_ws/install/qemu_hardware_interface:/home/ayush/microros_ws/install/micro_ros_demos_rclc:/home/ayush/microros_ws/install/common_interfaces:/home/ayush/microros_ws/install/visualization_msgs:/home/ayush/microros_ws/install/test_msgs:/home/ayush/microros_ws/install/example_interfaces:/home/ayush/microros_ws/install/action_msgs:/home/ayush/microros_ws/install/unique_identifier_msgs:/home/ayush/microros_ws/install/trajectory_msgs:/home/ayush/microros_ws/install/stereo_msgs:/home/ayush/microros_ws/install/std_srvs:/home/ayush/microros_ws/install/shape_msgs:/home/ayush/microros_ws/install/sensor_msgs:/home/ayush/microros_ws/install/nav_msgs:/home/ayush/microros_ws/install/diagnostic_msgs:/home/ayush/microros_ws/install/geometry_msgs:/home/ayush/microros_ws/install/actionlib_msgs:/home/ayush/microros_ws/install/std_msgs:/home/ayush/microros_ws/install/statistics_msgs:/home/ayush/microros_ws/install/rosidl_typesupport_microxrcedds_test_msg:/home/ayush/microros_ws/install/rosidl_typesupport_microxrcedds_cpp_tests:/home/ayush/microros_ws/install/rmw_microxrcedds:/home/ayush/microros_ws/install/rosidl_typesupport_microxrcedds_cpp:/home/ayush/microros_ws/install/rosidl_typesupport_microxrcedds_c_tests:/home/ayush/microros_ws/install/rosidl_typesupport_microxrcedds_c:/home/ayush/microros_ws/install/rosgraph_msgs:/home/ayush/microros_ws/install/rclc_parameter:/home/ayush/microros_ws/install/rclc:/home/ayush/microros_ws/install/composition_interfaces:/home/ayush/microros_ws/install/rcl_interfaces:/home/ayush/microros_ws/install/microxrcedds_client:/home/ayush/microros_ws/install/microcdr:/home/ayush/microros_ws/install/micro_ros_utilities:/home/ayush/microros_ws/install/micro_ros_setup:/home/ayush/microros_ws/install/micro_ros_agent:/home/ayush/microros_ws/install/micro_ros_msgs:/home/ayush/microros_ws/install/lifecycle_msgs:/home/ayush/microros_ws/install/complex_msgs:/home/ayush/microros_ws/install/builtin_interfaces:/home/ayush/microros_ws/install/sensor_msgs_py:/home/ayush/microros_ws/install/my_py_pkg:/home/ayush/microros_ws/install/my_py_node:/home/ayush/microros_ws/install/joy_bridge:/opt/ros/humble LD_LIBRARY_PATH=/home/ayush/ros2-cortex-hil-pipeline/ros2_ws/install/qemu_hardware_interface/lib:${LD_LIBRARY_PATH} /usr/bin/cmake --build /home/ayush/ros2-cortex-hil-pipeline/ros2_ws/build/robot_bringup -- -j20 -l20
[3.068s] DEBUG:colcon.colcon_core.event_handler.log_command:Invoked command in '/home/ayush/ros2-cortex-hil-pipeline/ros2_ws/build/robot_bringup' returned '0': AMENT_PREFIX_PATH=/home/ayush/ros2-cortex-hil-pipeline/ros2_ws/install/robot_description:/home/ayush/ros2-cortex-hil-pipeline/ros2_ws/install/qemu_hardware_interface:${AMENT_PREFIX_PATH} CMAKE_PREFIX_PATH=/home/ayush/ros2-cortex-hil-pipeline/ros2_ws/install/robot_description:/home/ayush/ros2-cortex-hil-pipeline/ros2_ws/install/qemu_hardware_interface:/home/ayush/microros_ws/install/micro_ros_demos_rclc:/home/ayush/microros_ws/install/common_interfaces:/home/ayush/microros_ws/install/visualization_msgs:/home/ayush/microros_ws/install/test_msgs:/home/ayush/microros_ws/install/example_interfaces:/home/ayush/microros_ws/install/action_msgs:/home/ayush/microros_ws/install/unique_identifier_msgs:/home/ayush/microros_ws/install/trajectory_msgs:/home/ayush/microros_ws/install/stereo_msgs:/home/ayush/microros_ws/install/std_srvs:/home/ayush/microros_ws/install/shape_msgs:/home/ayush/microros_ws/install/sensor_msgs:/home/ayush/microros_ws/install/nav_msgs:/home/ayush/microros_ws/install/diagnostic_msgs:/home/ayush/microros_ws/install/geometry_msgs:/home/ayush/microros_ws/install/actionlib_msgs:/home/ayush/microros_ws/install/std_msgs:/home/ayush/microros_ws/install/statistics_msgs:/home/ayush/microros_ws/install/rosidl_typesupport_microxrcedds_test_msg:/home/ayush/microros_ws/install/rosidl_typesupport_microxrcedds_cpp_tests:/home/ayush/microros_ws/install/rmw_microxrcedds:/home/ayush/microros_ws/install/rosidl_typesupport_microxrcedds_cpp:/home/ayush/microros_ws/install/rosidl_typesupport_microxrcedds_c_tests:/home/ayush/microros_ws/install/rosidl_typesupport_microxrcedds_c:/home/ayush/microros_ws/install/rosgraph_msgs:/home/ayush/microros_ws/install/rclc_parameter:/home/ayush/microros_ws/install/rclc:/home/ayush/microros_ws/install/composition_interfaces:/home/ayush/microros_ws/install/rcl_interfaces:/home/ayush/microros_ws/install/microxrcedds_client:/home/ayush/microros_ws/install/microcdr:/home/ayush/microros_ws/install/micro_ros_utilities:/home/ayush/microros_ws/install/micro_ros_setup:/home/ayush/microros_ws/install/micro_ros_agent:/home/ayush/microros_ws/install/micro_ros_msgs:/home/ayush/microros_ws/install/lifecycle_msgs:/home/ayush/microros_ws/install/complex_msgs:/home/ayush/microros_ws/install/builtin_interfaces:/home/ayush/microros_ws/install/sensor_msgs_py:/home/ayush/microros_ws/install/my_py_pkg:/home/ayush/microros_ws/install/my_py_node:/home/ayush/microros_ws/install/joy_bridge:/opt/ros/humble LD_LIBRARY_PATH=/home/ayush/ros2-cortex-hil-pipeline/ros2_ws/install/qemu_hardware_interface/lib:${LD_LIBRARY_PATH} /usr/bin/cmake --build /home/ayush/ros2-cortex-hil-pipeline/ros2_ws/build/robot_bringup -- -j20 -l20
[3.070s] DEBUG:colcon.colcon_core.event_handler.log_command:Invoking command in '/home/ayush/ros2-cortex-hil-pipeline/ros2_ws/build/robot_bringup': AMENT_PREFIX_PATH=/home/ayush/ros2-cortex-hil-pipeline/ros2_ws/install/robot_description:/home/ayush/ros2-cortex-hil-pipeline/ros2_ws/install/qemu_hardware_interface:${AMENT_PREFIX_PATH} CMAKE_PREFIX_PATH=/home/ayush/ros2-cortex-hil-pipeline/ros2_ws/install/robot_description:/home/ayush/ros2-cortex-hil-pipeline/ros2_ws/install/qemu_hardware_interface:/home/ayush/microros_ws/install/micro_ros_demos_rclc:/home/ayush/microros_ws/install/common_interfaces:/home/ayush/microros_ws/install/visualization_msgs:/home/ayush/microros_ws/install/test_msgs:/home/ayush/microros_ws/install/example_interfaces:/home/ayush/microros_ws/install/action_msgs:/home/ayush/microros_ws/install/unique_identifier_msgs:/home/ayush/microros_ws/install/trajectory_msgs:/home/ayush/microros_ws/install/stereo_msgs:/home/ayush/microros_ws/install/std_srvs:/home/ayush/microros_ws/install/shape_msgs:/home/ayush/microros_ws/install/sensor_msgs:/home/ayush/microros_ws/install/nav_msgs:/home/ayush/microros_ws/install/diagnostic_msgs:/home/ayush/microros_ws/install/geometry_msgs:/home/ayush/microros_ws/install/actionlib_msgs:/home/ayush/microros_ws/install/std_msgs:/home/ayush/microros_ws/install/statistics_msgs:/home/ayush/microros_ws/install/rosidl_typesupport_microxrcedds_test_msg:/home/ayush/microros_ws/install/rosidl_typesupport_microxrcedds_cpp_tests:/home/ayush/microros_ws/install/rmw_microxrcedds:/home/ayush/microros_ws/install/rosidl_typesupport_microxrcedds_cpp:/home/ayush/microros_ws/install/rosidl_typesupport_microxrcedds_c_tests:/home/ayush/microros_ws/install/rosidl_typesupport_microxrcedds_c:/home/ayush/microros_ws/install/rosgraph_msgs:/home/ayush/microros_ws/install/rclc_parameter:/home/ayush/microros_ws/install/rclc:/home/ayush/microros_ws/install/composition_interfaces:/home/ayush/microros_ws/install/rcl_interfaces:/home/ayush/microros_ws/install/microxrcedds_client:/home/ayush/microros_ws/install/microcdr:/home/ayush/microros_ws/install/micro_ros_utilities:/home/ayush/microros_ws/install/micro_ros_setup:/home/ayush/microros_ws/install/micro_ros_agent:/home/ayush/microros_ws/install/micro_ros_msgs:/home/ayush/microros_ws/install/lifecycle_msgs:/home/ayush/microros_ws/install/complex_msgs:/home/ayush/microros_ws/install/builtin_interfaces:/home/ayush/microros_ws/install/sensor_msgs_py:/home/ayush/microros_ws/install/my_py_pkg:/home/ayush/microros_ws/install/my_py_node:/home/ayush/microros_ws/install/joy_bridge:/opt/ros/humble LD_LIBRARY_PATH=/home/ayush/ros2-cortex-hil-pipeline/ros2_ws/install/qemu_hardware_interface/lib:${LD_LIBRARY_PATH} /usr/bin/cmake --install /home/ayush/ros2-cortex-hil-pipeline/ros2_ws/build/robot_bringup
[3.085s] Level 1:colcon.colcon_core.environment:create_environment_scripts_only(robot_bringup)
[3.086s] Level 1:colcon.colcon_core.environment:checking '/home/ayush/ros2-cortex-hil-pipeline/ros2_ws/install/robot_bringup' for CMake module files
[3.086s] DEBUG:colcon.colcon_core.event_handler.log_command:Invoked command in '/home/ayush/ros2-cortex-hil-pipeline/ros2_ws/build/robot_bringup' returned '0': AMENT_PREFIX_PATH=/home/ayush/ros2-cortex-hil-pipeline/ros2_ws/install/robot_description:/home/ayush/ros2-cortex-hil-pipeline/ros2_ws/install/qemu_hardware_interface:${AMENT_PREFIX_PATH} CMAKE_PREFIX_PATH=/home/ayush/ros2-cortex-hil-pipeline/ros2_ws/install/robot_description:/home/ayush/ros2-cortex-hil-pipeline/ros2_ws/install/qemu_hardware_interface:/home/ayush/microros_ws/install/micro_ros_demos_rclc:/home/ayush/microros_ws/install/common_interfaces:/home/ayush/microros_ws/install/visualization_msgs:/home/ayush/microros_ws/install/test_msgs:/home/ayush/microros_ws/install/example_interfaces:/home/ayush/microros_ws/install/action_msgs:/home/ayush/microros_ws/install/unique_identifier_msgs:/home/ayush/microros_ws/install/trajectory_msgs:/home/ayush/microros_ws/install/stereo_msgs:/home/ayush/microros_ws/install/std_srvs:/home/ayush/microros_ws/install/shape_msgs:/home/ayush/microros_ws/install/sensor_msgs:/home/ayush/microros_ws/install/nav_msgs:/home/ayush/microros_ws/install/diagnostic_msgs:/home/ayush/microros_ws/install/geometry_msgs:/home/ayush/microros_ws/install/actionlib_msgs:/home/ayush/microros_ws/install/std_msgs:/home/ayush/microros_ws/install/statistics_msgs:/home/ayush/microros_ws/install/rosidl_typesupport_microxrcedds_test_msg:/home/ayush/microros_ws/install/rosidl_typesupport_microxrcedds_cpp_tests:/home/ayush/microros_ws/install/rmw_microxrcedds:/home/ayush/microros_ws/install/rosidl_typesupport_microxrcedds_cpp:/home/ayush/microros_ws/install/rosidl_typesupport_microxrcedds_c_tests:/home/ayush/microros_ws/install/rosidl_typesupport_microxrcedds_c:/home/ayush/microros_ws/install/rosgraph_msgs:/home/ayush/microros_ws/install/rclc_parameter:/home/ayush/microros_ws/install/rclc:/home/ayush/microros_ws/install/composition_interfaces:/home/ayush/microros_ws/install/rcl_interfaces:/home/ayush/microros_ws/install/microxrcedds_client:/home/ayush/microros_ws/install/microcdr:/home/ayush/microros_ws/install/micro_ros_utilities:/home/ayush/microros_ws/install/micro_ros_setup:/home/ayush/microros_ws/install/micro_ros_agent:/home/ayush/microros_ws/install/micro_ros_msgs:/home/ayush/microros_ws/install/lifecycle_msgs:/home/ayush/microros_ws/install/complex_msgs:/home/ayush/microros_ws/install/builtin_interfaces:/home/ayush/microros_ws/install/sensor_msgs_py:/home/ayush/microros_ws/install/my_py_pkg:/home/ayush/microros_ws/install/my_py_node:/home/ayush/microros_ws/install/joy_bridge:/opt/ros/humble LD_LIBRARY_PATH=/home/ayush/ros2-cortex-hil-pipeline/ros2_ws/install/qemu_hardware_interface/lib:${LD_LIBRARY_PATH} /usr/bin/cmake --install /home/ayush/ros2-cortex-hil-pipeline/ros2_ws/build/robot_bringup
[3.087s] Level 1:colcon.colcon_core.environment:checking '/home/ayush/ros2-cortex-hil-pipeline/ros2_ws/install/robot_bringup' for CMake config files
[3.088s] Level 1:colcon.colcon_core.shell:create_environment_hook('robot_bringup', 'cmake_prefix_path')
[3.088s] INFO:colcon.colcon_core.shell:Creating environment hook '/home/ayush/ros2-cortex-hil-pipeline/ros2_ws/install/robot_bringup/share/robot_bringup/hook/cmake_prefix_path.ps1'
[3.089s] INFO:colcon.colcon_core.shell:Creating environment descriptor '/home/ayush/ros2-cortex-hil-pipeline/ros2_ws/install/robot_bringup/share/robot_bringup/hook/cmake_prefix_path.dsv'
[3.089s] INFO:colcon.colcon_core.shell:Creating environment hook '/home/ayush/ros2-cortex-hil-pipeline/ros2_ws/install/robot_bringup/share/robot_bringup/hook/cmake_prefix_path.sh'
[3.090s] Level 1:colcon.colcon_core.environment:checking '/home/ayush/ros2-cortex-hil-pipeline/ros2_ws/install/robot_bringup/bin'
[3.090s] Level 1:colcon.colcon_core.environment:checking '/home/ayush/ros2-cortex-hil-pipeline/ros2_ws/install/robot_bringup/lib/pkgconfig/robot_bringup.pc'
[3.090s] Level 1:colcon.colcon_core.environment:checking '/home/ayush/ros2-cortex-hil-pipeline/ros2_ws/install/robot_bringup/lib/python3.10/site-packages'
[3.091s] Level 1:colcon.colcon_core.environment:checking '/home/ayush/ros2-cortex-hil-pipeline/ros2_ws/install/robot_bringup/bin'
[3.091s] INFO:colcon.colcon_core.shell:Creating package script '/home/ayush/ros2-cortex-hil-pipeline/ros2_ws/install/robot_bringup/share/robot_bringup/package.ps1'
[3.092s] INFO:colcon.colcon_core.shell:Creating package descriptor '/home/ayush/ros2-cortex-hil-pipeline/ros2_ws/install/robot_bringup/share/robot_bringup/package.dsv'
[3.092s] INFO:colcon.colcon_core.shell:Creating package script '/home/ayush/ros2-cortex-hil-pipeline/ros2_ws/install/robot_bringup/share/robot_bringup/package.sh'
[3.093s] INFO:colcon.colcon_core.shell:Creating package script '/home/ayush/ros2-cortex-hil-pipeline/ros2_ws/install/robot_bringup/share/robot_bringup/package.bash'
[3.093s] INFO:colcon.colcon_core.shell:Creating package script '/home/ayush/ros2-cortex-hil-pipeline/ros2_ws/install/robot_bringup/share/robot_bringup/package.zsh'
[3.093s] Level 1:colcon.colcon_core.environment:create_file_with_runtime_dependencies(/home/ayush/ros2-cortex-hil-pipeline/ros2_ws/install/robot_bringup/share/colcon-core/packages/robot_bringup)
[3.094s] Level 1:colcon.colcon_core.environment:create_environment_scripts_only(robot_bringup)
[3.094s] Level 1:colcon.colcon_core.environment:checking '/home/ayush/ros2-cortex-hil-pipeline/ros2_ws/install/robot_bringup' for CMake module files
[3.095s] Level 1:colcon.colcon_core.environment:checking '/home/ayush/ros2-cortex-hil-pipeline/ros2_ws/install/robot_bringup' for CMake config files
[3.095s] Level 1:colcon.colcon_core.shell:create_environment_hook('robot_bringup', 'cmake_prefix_path')
[3.095s] INFO:colcon.colcon_core.shell:Creating environment hook '/home/ayush/ros2-cortex-hil-pipeline/ros2_ws/install/robot_bringup/share/robot_bringup/hook/cmake_prefix_path.ps1'
[3.096s] INFO:colcon.colcon_core.shell:Creating environment descriptor '/home/ayush/ros2-cortex-hil-pipeline/ros2_ws/install/robot_bringup/share/robot_bringup/hook/cmake_prefix_path.dsv'
[3.096s] INFO:colcon.colcon_core.shell:Creating environment hook '/home/ayush/ros2-cortex-hil-pipeline/ros2_ws/install/robot_bringup/share/robot_bringup/hook/cmake_prefix_path.sh'
[3.097s] Level 1:colcon.colcon_core.environment:checking '/home/ayush/ros2-cortex-hil-pipeline/ros2_ws/install/robot_bringup/bin'
[3.097s] Level 1:colcon.colcon_core.environment:checking '/home/ayush/ros2-cortex-hil-pipeline/ros2_ws/install/robot_bringup/lib/pkgconfig/robot_bringup.pc'
[3.097s] Level 1:colcon.colcon_core.environment:checking '/home/ayush/ros2-cortex-hil-pipeline/ros2_ws/install/robot_bringup/lib/python3.10/site-packages'
[3.097s] Level 1:colcon.colcon_core.environment:checking '/home/ayush/ros2-cortex-hil-pipeline/ros2_ws/install/robot_bringup/bin'
[3.098s] INFO:colcon.colcon_core.shell:Creating package script '/home/ayush/ros2-cortex-hil-pipeline/ros2_ws/install/robot_bringup/share/robot_bringup/package.ps1'
[3.098s] INFO:colcon.colcon_core.shell:Creating package descriptor '/home/ayush/ros2-cortex-hil-pipeline/ros2_ws/install/robot_bringup/share/robot_bringup/package.dsv'
[3.099s] INFO:colcon.colcon_core.shell:Creating package script '/home/ayush/ros2-cortex-hil-pipeline/ros2_ws/install/robot_bringup/share/robot_bringup/package.sh'
[3.099s] INFO:colcon.colcon_core.shell:Creating package script '/home/ayush/ros2-cortex-hil-pipeline/ros2_ws/install/robot_bringup/share/robot_bringup/package.bash'
[3.100s] INFO:colcon.colcon_core.shell:Creating package script '/home/ayush/ros2-cortex-hil-pipeline/ros2_ws/install/robot_bringup/share/robot_bringup/package.zsh'
[3.100s] Level 1:colcon.colcon_core.environment:create_file_with_runtime_dependencies(/home/ayush/ros2-cortex-hil-pipeline/ros2_ws/install/robot_bringup/share/colcon-core/packages/robot_bringup)
[3.100s] DEBUG:colcon.colcon_parallel_executor.executor.parallel:closing loop
[3.101s] DEBUG:colcon.colcon_parallel_executor.executor.parallel:loop closed
[3.101s] DEBUG:colcon.colcon_parallel_executor.executor.parallel:run_until_complete finished with '0'
[3.101s] DEBUG:colcon.colcon_core.event_reactor:joining thread
[3.108s] INFO:colcon.colcon_core.plugin_system:Skipping extension 'colcon_notification.desktop_notification.terminal_notifier': Not used on non-Darwin systems
[3.108s] INFO:colcon.colcon_core.plugin_system:Skipping extension 'colcon_notification.desktop_notification.win32': Not used on non-Windows systems
[3.108s] INFO:colcon.colcon_notification.desktop_notification:Sending desktop notification using 'notify2'
[3.127s] DEBUG:colcon.colcon_core.event_reactor:joined thread
[3.127s] INFO:colcon.colcon_core.shell:Creating prefix script '/home/ayush/ros2-cortex-hil-pipeline/ros2_ws/install/local_setup.ps1'
[3.129s] INFO:colcon.colcon_core.shell:Creating prefix util module '/home/ayush/ros2-cortex-hil-pipeline/ros2_ws/install/_local_setup_util_ps1.py'
[3.130s] INFO:colcon.colcon_core.shell:Creating prefix chain script '/home/ayush/ros2-cortex-hil-pipeline/ros2_ws/install/setup.ps1'
[3.133s] INFO:colcon.colcon_core.shell:Creating prefix script '/home/ayush/ros2-cortex-hil-pipeline/ros2_ws/install/local_setup.sh'
[3.134s] INFO:colcon.colcon_core.shell:Creating prefix util module '/home/ayush/ros2-cortex-hil-pipeline/ros2_ws/install/_local_setup_util_sh.py'
[3.134s] INFO:colcon.colcon_core.shell:Creating prefix chain script '/home/ayush/ros2-cortex-hil-pipeline/ros2_ws/install/setup.sh'
[3.137s] INFO:colcon.colcon_core.shell:Creating prefix script '/home/ayush/ros2-cortex-hil-pipeline/ros2_ws/install/local_setup.bash'
[3.138s] INFO:colcon.colcon_core.shell:Creating prefix chain script '/home/ayush/ros2-cortex-hil-pipeline/ros2_ws/install/setup.bash'
[3.141s] INFO:colcon.colcon_core.shell:Creating prefix script '/home/ayush/ros2-cortex-hil-pipeline/ros2_ws/install/local_setup.zsh'
[3.141s] INFO:colcon.colcon_core.shell:Creating prefix chain script '/home/ayush/ros2-cortex-hil-pipeline/ros2_ws/install/setup.zsh'
