[0.007s] Invoking command in '/home/ayush/ros2-cortex-hil-pipeline/ros2_ws/build/robot_description': CMAKE_PREFIX_PATH=${CMAKE_PREFIX_PATH}:/home/ayush/microros_ws/install/sensor_msgs_py:/home/ayush/microros_ws/install/my_py_pkg:/home/ayush/microros_ws/install/my_py_node:/home/ayush/microros_ws/install/joy_bridge:/opt/ros/humble /usr/bin/cmake /home/ayush/ros2-cortex-hil-pipeline/ros2_ws/src/robot_description -DCMAKE_INSTALL_PREFIX=/home/ayush/ros2-cortex-hil-pipeline/ros2_ws/install/robot_description
[0.123s] -- The C compiler identification is GNU 11.4.0
[0.208s] -- The CXX compiler identification is GNU 11.4.0
[0.220s] -- Detecting C compiler ABI info
[0.370s] -- Detecting C compiler ABI info - done
[0.380s] -- Check for working C compiler: /usr/bin/cc - skipped
[0.381s] -- Detecting C compile features
[0.381s] -- Detecting C compile features - done
[0.385s] -- Detecting CXX compiler ABI info
[0.516s] -- Detecting CXX compiler ABI info - done
[0.528s] -- Check for working CXX compiler: /usr/bin/c++ - skipped
[0.528s] -- Detecting CXX compile features
[0.529s] -- Detecting CXX compile features - done
[0.540s] -- Found ament_cmake: 1.3.14 (/opt/ros/humble/share/ament_cmake/cmake)
[1.139s] -- Found Python3: /usr/bin/python3 (found version "3.10.12") found components: Interpreter 
[1.435s] -- Configuring done
[1.438s] -- Generating done
[1.440s] -- Build files have been written to: /home/ayush/ros2-cortex-hil-pipeline/ros2_ws/build/robot_description
[1.444s] Invoked command in '/home/ayush/ros2-cortex-hil-pipeline/ros2_ws/build/robot_description' returned '0': CMAKE_PREFIX_PATH=${CMAKE_PREFIX_PATH}:/home/ayush/microros_ws/install/sensor_msgs_py:/home/ayush/microros_ws/install/my_py_pkg:/home/ayush/microros_ws/install/my_py_node:/home/ayush/microros_ws/install/joy_bridge:/opt/ros/humble /usr/bin/cmake /home/ayush/ros2-cortex-hil-pipeline/ros2_ws/src/robot_description -DCMAKE_INSTALL_PREFIX=/home/ayush/ros2-cortex-hil-pipeline/ros2_ws/install/robot_description
[1.446s] Invoking command in '/home/ayush/ros2-cortex-hil-pipeline/ros2_ws/build/robot_description': CMAKE_PREFIX_PATH=${CMAKE_PREFIX_PATH}:/home/ayush/microros_ws/install/sensor_msgs_py:/home/ayush/microros_ws/install/my_py_pkg:/home/ayush/microros_ws/install/my_py_node:/home/ayush/microros_ws/install/joy_bridge:/opt/ros/humble /usr/bin/cmake --build /home/ayush/ros2-cortex-hil-pipeline/ros2_ws/build/robot_description -- -j20 -l20
[1.508s] Invoked command in '/home/ayush/ros2-cortex-hil-pipeline/ros2_ws/build/robot_description' returned '0': CMAKE_PREFIX_PATH=${CMAKE_PREFIX_PATH}:/home/ayush/microros_ws/install/sensor_msgs_py:/home/ayush/microros_ws/install/my_py_pkg:/home/ayush/microros_ws/install/my_py_node:/home/ayush/microros_ws/install/joy_bridge:/opt/ros/humble /usr/bin/cmake --build /home/ayush/ros2-cortex-hil-pipeline/ros2_ws/build/robot_description -- -j20 -l20
[1.511s] Invoking command in '/home/ayush/ros2-cortex-hil-pipeline/ros2_ws/build/robot_description': CMAKE_PREFIX_PATH=${CMAKE_PREFIX_PATH}:/home/ayush/microros_ws/install/sensor_msgs_py:/home/ayush/microros_ws/install/my_py_pkg:/home/ayush/microros_ws/install/my_py_node:/home/ayush/microros_ws/install/joy_bridge:/opt/ros/humble /usr/bin/cmake --install /home/ayush/ros2-cortex-hil-pipeline/ros2_ws/build/robot_description
[1.523s] -- Install configuration: ""
[1.523s] -- Installing: /home/ayush/ros2-cortex-hil-pipeline/ros2_ws/install/robot_description/share/robot_description/urdf
[1.523s] -- Installing: /home/ayush/ros2-cortex-hil-pipeline/ros2_ws/install/robot_description/share/robot_description/urdf/robot.urdf.xacro
[1.523s] -- Installing: /home/ayush/ros2-cortex-hil-pipeline/ros2_ws/install/robot_description/share/robot_description/config
[1.523s] -- Installing: /home/ayush/ros2-cortex-hil-pipeline/ros2_ws/install/robot_description/share/robot_description/config/controllers.yaml
[1.523s] -- Installing: /home/ayush/ros2-cortex-hil-pipeline/ros2_ws/install/robot_description/share/ament_index/resource_index/package_run_dependencies/robot_description
[1.523s] -- Installing: /home/ayush/ros2-cortex-hil-pipeline/ros2_ws/install/robot_description/share/ament_index/resource_index/parent_prefix_path/robot_description
[1.524s] -- Installing: /home/ayush/ros2-cortex-hil-pipeline/ros2_ws/install/robot_description/share/robot_description/environment/ament_prefix_path.sh
[1.524s] -- Installing: /home/ayush/ros2-cortex-hil-pipeline/ros2_ws/install/robot_description/share/robot_description/environment/ament_prefix_path.dsv
[1.524s] -- Installing: /home/ayush/ros2-cortex-hil-pipeline/ros2_ws/install/robot_description/share/robot_description/environment/path.sh
[1.524s] -- Installing: /home/ayush/ros2-cortex-hil-pipeline/ros2_ws/install/robot_description/share/robot_description/environment/path.dsv
[1.524s] -- Installing: /home/ayush/ros2-cortex-hil-pipeline/ros2_ws/install/robot_description/share/robot_description/local_setup.bash
[1.525s] -- Installing: /home/ayush/ros2-cortex-hil-pipeline/ros2_ws/install/robot_description/share/robot_description/local_setup.sh
[1.525s] -- Installing: /home/ayush/ros2-cortex-hil-pipeline/ros2_ws/install/robot_description/share/robot_description/local_setup.zsh
[1.525s] -- Installing: /home/ayush/ros2-cortex-hil-pipeline/ros2_ws/install/robot_description/share/robot_description/local_setup.dsv
[1.525s] -- Installing: /home/ayush/ros2-cortex-hil-pipeline/ros2_ws/install/robot_description/share/robot_description/package.dsv
[1.525s] -- Installing: /home/ayush/ros2-cortex-hil-pipeline/ros2_ws/install/robot_description/share/ament_index/resource_index/packages/robot_description
[1.525s] -- Installing: /home/ayush/ros2-cortex-hil-pipeline/ros2_ws/install/robot_description/share/robot_description/cmake/robot_descriptionConfig.cmake
[1.525s] -- Installing: /home/ayush/ros2-cortex-hil-pipeline/ros2_ws/install/robot_description/share/robot_description/cmake/robot_descriptionConfig-version.cmake
[1.525s] -- Installing: /home/ayush/ros2-cortex-hil-pipeline/ros2_ws/install/robot_description/share/robot_description/package.xml
[1.527s] Invoked command in '/home/ayush/ros2-cortex-hil-pipeline/ros2_ws/build/robot_description' returned '0': CMAKE_PREFIX_PATH=${CMAKE_PREFIX_PATH}:/home/ayush/microros_ws/install/sensor_msgs_py:/home/ayush/microros_ws/install/my_py_pkg:/home/ayush/microros_ws/install/my_py_node:/home/ayush/microros_ws/install/joy_bridge:/opt/ros/humble /usr/bin/cmake --install /home/ayush/ros2-cortex-hil-pipeline/ros2_ws/build/robot_description
