[100%] Built target qemu_hardware_interface
-- Install configuration: ""
-- Up-to-date: /home/ayush/ros2-cortex-hil-pipeline/ros2_ws/install/qemu_hardware_interface/share/qemu_hardware_interface/qemu_hardware_interface.xml
-- Up-to-date: /home/ayush/ros2-cortex-hil-pipeline/ros2_ws/install/qemu_hardware_interface/lib/libqemu_hardware_interface.so
-- Up-to-date: /home/ayush/ros2-cortex-hil-pipeline/ros2_ws/install/qemu_hardware_interface/share/qemu_hardware_interface/qemu_hardware_interface.xml
-- Up-to-date: /home/ayush/ros2-cortex-hil-pipeline/ros2_ws/install/qemu_hardware_interface/share/ament_index/resource_index/package_run_dependencies/qemu_hardware_interface
-- Up-to-date: /home/ayush/ros2-cortex-hil-pipeline/ros2_ws/install/qemu_hardware_interface/share/ament_index/resource_index/parent_prefix_path/qemu_hardware_interface
-- Up-to-date: /home/ayush/ros2-cortex-hil-pipeline/ros2_ws/install/qemu_hardware_interface/share/qemu_hardware_interface/environment/ament_prefix_path.sh
-- Up-to-date: /home/ayush/ros2-cortex-hil-pipeline/ros2_ws/install/qemu_hardware_interface/share/qemu_hardware_interface/environment/ament_prefix_path.dsv
-- Up-to-date: /home/ayush/ros2-cortex-hil-pipeline/ros2_ws/install/qemu_hardware_interface/share/qemu_hardware_interface/environment/path.sh
-- Up-to-date: /home/ayush/ros2-cortex-hil-pipeline/ros2_ws/install/qemu_hardware_interface/share/qemu_hardware_interface/environment/path.dsv
-- Up-to-date: /home/ayush/ros2-cortex-hil-pipeline/ros2_ws/install/qemu_hardware_interface/share/qemu_hardware_interface/local_setup.bash
-- Up-to-date: /home/ayush/ros2-cortex-hil-pipeline/ros2_ws/install/qemu_hardware_interface/share/qemu_hardware_interface/local_setup.sh
-- Up-to-date: /home/ayush/ros2-cortex-hil-pipeline/ros2_ws/install/qemu_hardware_interface/share/qemu_hardware_interface/local_setup.zsh
-- Up-to-date: /home/ayush/ros2-cortex-hil-pipeline/ros2_ws/install/qemu_hardware_interface/share/qemu_hardware_interface/local_setup.dsv
-- Installing: /home/ayush/ros2-cortex-hil-pipeline/ros2_ws/install/qemu_hardware_interface/share/qemu_hardware_interface/package.dsv
-- Up-to-date: /home/ayush/ros2-cortex-hil-pipeline/ros2_ws/install/qemu_hardware_interface/share/ament_index/resource_index/packages/qemu_hardware_interface
-- Up-to-date: /home/ayush/ros2-cortex-hil-pipeline/ros2_ws/install/qemu_hardware_interface/share/ament_index/resource_index/hardware_interface__pluginlib__plugin/qemu_hardware_interface
-- Up-to-date: /home/ayush/ros2-cortex-hil-pipeline/ros2_ws/install/qemu_hardware_interface/share/qemu_hardware_interface/cmake/qemu_hardware_interfaceConfig.cmake
-- Up-to-date: /home/ayush/ros2-cortex-hil-pipeline/ros2_ws/install/qemu_hardware_interface/share/qemu_hardware_interface/cmake/qemu_hardware_interfaceConfig-version.cmake
-- Up-to-date: /home/ayush/ros2-cortex-hil-pipeline/ros2_ws/install/qemu_hardware_interface/share/qemu_hardware_interface/package.xml
