-- The C compiler identification is GNU 11.4.0
-- The CXX compiler identification is GNU 11.4.0
-- Detecting C compiler ABI info
-- Detecting C compiler ABI info - done
-- Check for working C compiler: /usr/bin/cc - skipped
-- Detecting C compile features
-- Detecting C compile features - done
-- Detecting CXX compiler ABI info
-- Detecting CXX compiler ABI info - done
-- Check for working CXX compiler: /usr/bin/c++ - skipped
-- Detecting CXX compile features
-- Detecting CXX compile features - done
-- Found ament_cmake: 1.3.14 (/opt/ros/humble/share/ament_cmake/cmake)
-- Found Python3: /usr/bin/python3 (found version "3.10.12") found components: Interpreter 
-- Found hardware_interface: 2.54.0 (/opt/ros/humble/share/hardware_interface/cmake)
-- Found rosidl_generator_c: 3.1.8 (/opt/ros/humble/share/rosidl_generator_c/cmake)
-- Found rosidl_adapter: 3.1.8 (/opt/ros/humble/share/rosidl_adapter/cmake)
-- Found rosidl_generator_cpp: 3.1.8 (/opt/ros/humble/share/rosidl_generator_cpp/cmake)
-- Using all available rosidl_typesupport_c: rosidl_typesupport_microxrcedds_c;rosidl_typesupport_fastrtps_c;rosidl_typesupport_introspection_c
-- Using all available rosidl_typesupport_cpp: rosidl_typesupport_microxrcedds_cpp;rosidl_typesupport_fastrtps_cpp;rosidl_typesupport_introspection_cpp
-- Found rmw_implementation_cmake: 6.1.2 (/opt/ros/humble/share/rmw_implementation_cmake/cmake)
-- Found rmw_fastrtps_cpp: 6.2.10 (/opt/ros/humble/share/rmw_fastrtps_cpp/cmake)
-- Found TinyXML2 via Config file: TinyXML2_DIR-NOTFOUND
-- Found OpenSSL: /usr/lib/x86_64-linux-gnu/libcrypto.so (found version "3.0.2")  
-- Found TinyXML2 via Config file: TinyXML2_DIR-NOTFOUND
-- Found FastRTPS: /opt/ros/humble/include  
-- Found TinyXML2 via Config file: TinyXML2_DIR-NOTFOUND
-- Found TinyXML2 via Config file: TinyXML2_DIR-NOTFOUND
-- Using RMW implementation 'rmw_fastrtps_cpp' as default
-- Looking for pthread.h
-- Looking for pthread.h - found
-- Performing Test CMAKE_HAVE_LIBC_PTHREAD
-- Performing Test CMAKE_HAVE_LIBC_PTHREAD - Success
-- Found Threads: TRUE  
-- Configuring done
-- Generating done
-- Build files have been written to: /home/ayush/ros2-cortex-hil-pipeline/ros2_ws/build/qemu_hardware_interface
[ 50%] [32mBuilding CXX object CMakeFiles/qemu_hardware_interface.dir/src/qemu_system_interface.cpp.o[0m
[100%] [32m[1mLinking CXX shared library libqemu_hardware_interface.so[0m
[100%] Built target qemu_hardware_interface
-- Install configuration: ""
-- Installing: /home/ayush/ros2-cortex-hil-pipeline/ros2_ws/install/qemu_hardware_interface/share/qemu_hardware_interface/qemu_hardware_interface.xml
-- Installing: /home/ayush/ros2-cortex-hil-pipeline/ros2_ws/install/qemu_hardware_interface/lib/libqemu_hardware_interface.so
-- Set runtime path of "/home/ayush/ros2-cortex-hil-pipeline/ros2_ws/install/qemu_hardware_interface/lib/libqemu_hardware_interface.so" to ""
-- Up-to-date: /home/ayush/ros2-cortex-hil-pipeline/ros2_ws/install/qemu_hardware_interface/share/qemu_hardware_interface/qemu_hardware_interface.xml
-- Installing: /home/ayush/ros2-cortex-hil-pipeline/ros2_ws/install/qemu_hardware_interface/share/ament_index/resource_index/package_run_dependencies/qemu_hardware_interface
-- Installing: /home/ayush/ros2-cortex-hil-pipeline/ros2_ws/install/qemu_hardware_interface/share/ament_index/resource_index/parent_prefix_path/qemu_hardware_interface
-- Installing: /home/ayush/ros2-cortex-hil-pipeline/ros2_ws/install/qemu_hardware_interface/share/qemu_hardware_interface/environment/ament_prefix_path.sh
-- Installing: /home/ayush/ros2-cortex-hil-pipeline/ros2_ws/install/qemu_hardware_interface/share/qemu_hardware_interface/environment/ament_prefix_path.dsv
-- Installing: /home/ayush/ros2-cortex-hil-pipeline/ros2_ws/install/qemu_hardware_interface/share/qemu_hardware_interface/environment/path.sh
-- Installing: /home/ayush/ros2-cortex-hil-pipeline/ros2_ws/install/qemu_hardware_interface/share/qemu_hardware_interface/environment/path.dsv
-- Installing: /home/ayush/ros2-cortex-hil-pipeline/ros2_ws/install/qemu_hardware_interface/share/qemu_hardware_interface/local_setup.bash
-- Installing: /home/ayush/ros2-cortex-hil-pipeline/ros2_ws/install/qemu_hardware_interface/share/qemu_hardware_interface/local_setup.sh
-- Installing: /home/ayush/ros2-cortex-hil-pipeline/ros2_ws/install/qemu_hardware_interface/share/qemu_hardware_interface/local_setup.zsh
-- Installing: /home/ayush/ros2-cortex-hil-pipeline/ros2_ws/install/qemu_hardware_interface/share/qemu_hardware_interface/local_setup.dsv
-- Installing: /home/ayush/ros2-cortex-hil-pipeline/ros2_ws/install/qemu_hardware_interface/share/qemu_hardware_interface/package.dsv
-- Installing: /home/ayush/ros2-cortex-hil-pipeline/ros2_ws/install/qemu_hardware_interface/share/ament_index/resource_index/packages/qemu_hardware_interface
-- Installing: /home/ayush/ros2-cortex-hil-pipeline/ros2_ws/install/qemu_hardware_interface/share/ament_index/resource_index/hardware_interface__pluginlib__plugin/qemu_hardware_interface
-- Installing: /home/ayush/ros2-cortex-hil-pipeline/ros2_ws/install/qemu_hardware_interface/share/qemu_hardware_interface/cmake/qemu_hardware_interfaceConfig.cmake
-- Installing: /home/ayush/ros2-cortex-hil-pipeline/ros2_ws/install/qemu_hardware_interface/share/qemu_hardware_interface/cmake/qemu_hardware_interfaceConfig-version.cmake
-- Installing: /home/ayush/ros2-cortex-hil-pipeline/ros2_ws/install/qemu_hardware_interface/share/qemu_hardware_interface/package.xml
