[0.009s] Invoking command in '/home/ayush/ros2-cortex-hil-pipeline/ros2_ws/build/qemu_hardware_interface': CMAKE_PREFIX_PATH=${CMAKE_PREFIX_PATH}:/home/ayush/microros_ws/install/sensor_msgs_py:/home/ayush/microros_ws/install/my_py_pkg:/home/ayush/microros_ws/install/my_py_node:/home/ayush/microros_ws/install/joy_bridge:/opt/ros/humble /usr/bin/cmake /home/ayush/ros2-cortex-hil-pipeline/ros2_ws/src/qemu_hardware_interface -DCMAKE_INSTALL_PREFIX=/home/ayush/ros2-cortex-hil-pipeline/ros2_ws/install/qemu_hardware_interface
[0.112s] -- The C compiler identification is GNU 11.4.0
[0.187s] -- The CXX compiler identification is GNU 11.4.0
[0.194s] -- Detecting C compiler ABI info
[0.256s] -- Detecting C compiler ABI info - done
[0.260s] -- Check for working C compiler: /usr/bin/cc - skipped
[0.328s] -- Detecting C compile features
[0.329s] -- Detecting C compile features - done
[0.331s] -- Detecting CXX compiler ABI info
[0.393s] -- Detecting CXX compiler ABI info - done
[0.399s] -- Check for working CXX compiler: /usr/bin/c++ - skipped
[0.399s] -- Detecting CXX compile features
[0.399s] -- Detecting CXX compile features - done
[0.408s] -- Found ament_cmake: 1.3.14 (/opt/ros/humble/share/ament_cmake/cmake)
[0.666s] -- Found Python3: /usr/bin/python3 (found version "3.10.12") found components: Interpreter 
[0.768s] -- Found hardware_interface: 2.54.0 (/opt/ros/humble/share/hardware_interface/cmake)
[0.814s] -- Found rosidl_generator_c: 3.1.8 (/opt/ros/humble/share/rosidl_generator_c/cmake)
[0.820s] -- Found rosidl_adapter: 3.1.8 (/opt/ros/humble/share/rosidl_adapter/cmake)
[0.830s] -- Found rosidl_generator_cpp: 3.1.8 (/opt/ros/humble/share/rosidl_generator_cpp/cmake)
[0.842s] -- Using all available rosidl_typesupport_c: rosidl_typesupport_microxrcedds_c;rosidl_typesupport_fastrtps_c;rosidl_typesupport_introspection_c
[0.865s] -- Using all available rosidl_typesupport_cpp: rosidl_typesupport_microxrcedds_cpp;rosidl_typesupport_fastrtps_cpp;rosidl_typesupport_introspection_cpp
[1.044s] -- Found rmw_implementation_cmake: 6.1.2 (/opt/ros/humble/share/rmw_implementation_cmake/cmake)
[1.048s] -- Found rmw_fastrtps_cpp: 6.2.10 (/opt/ros/humble/share/rmw_fastrtps_cpp/cmake)
[1.074s] -- Found TinyXML2 via Config file: TinyXML2_DIR-NOTFOUND
[1.130s] -- Found OpenSSL: /usr/lib/x86_64-linux-gnu/libcrypto.so (found version "3.0.2")  
[1.133s] -- Found TinyXML2 via Config file: TinyXML2_DIR-NOTFOUND
[1.146s] -- Found FastRTPS: /opt/ros/humble/include  
[1.148s] -- Found TinyXML2 via Config file: TinyXML2_DIR-NOTFOUND
[1.155s] -- Found TinyXML2 via Config file: TinyXML2_DIR-NOTFOUND
[1.164s] -- Using RMW implementation 'rmw_fastrtps_cpp' as default
[1.176s] -- Looking for pthread.h
[1.237s] -- Looking for pthread.h - found
[1.237s] -- Performing Test CMAKE_HAVE_LIBC_PTHREAD
[1.308s] -- Performing Test CMAKE_HAVE_LIBC_PTHREAD - Success
[1.308s] -- Found Threads: TRUE  
[1.420s] -- Configuring done
[1.431s] -- Generating done
[1.434s] -- Build files have been written to: /home/ayush/ros2-cortex-hil-pipeline/ros2_ws/build/qemu_hardware_interface
[1.440s] Invoked command in '/home/ayush/ros2-cortex-hil-pipeline/ros2_ws/build/qemu_hardware_interface' returned '0': CMAKE_PREFIX_PATH=${CMAKE_PREFIX_PATH}:/home/ayush/microros_ws/install/sensor_msgs_py:/home/ayush/microros_ws/install/my_py_pkg:/home/ayush/microros_ws/install/my_py_node:/home/ayush/microros_ws/install/joy_bridge:/opt/ros/humble /usr/bin/cmake /home/ayush/ros2-cortex-hil-pipeline/ros2_ws/src/qemu_hardware_interface -DCMAKE_INSTALL_PREFIX=/home/ayush/ros2-cortex-hil-pipeline/ros2_ws/install/qemu_hardware_interface
[1.442s] Invoking command in '/home/ayush/ros2-cortex-hil-pipeline/ros2_ws/build/qemu_hardware_interface': CMAKE_PREFIX_PATH=${CMAKE_PREFIX_PATH}:/home/ayush/microros_ws/install/sensor_msgs_py:/home/ayush/microros_ws/install/my_py_pkg:/home/ayush/microros_ws/install/my_py_node:/home/ayush/microros_ws/install/joy_bridge:/opt/ros/humble /usr/bin/cmake --build /home/ayush/ros2-cortex-hil-pipeline/ros2_ws/build/qemu_hardware_interface -- -j20 -l20
[1.492s] [ 50%] [32mBuilding CXX object CMakeFiles/qemu_hardware_interface.dir/src/qemu_system_interface.cpp.o[0m
[3.384s] [100%] [32m[1mLinking CXX shared library libqemu_hardware_interface.so[0m
[3.574s] [100%] Built target qemu_hardware_interface
[3.650s] Invoked command in '/home/ayush/ros2-cortex-hil-pipeline/ros2_ws/build/qemu_hardware_interface' returned '0': CMAKE_PREFIX_PATH=${CMAKE_PREFIX_PATH}:/home/ayush/microros_ws/install/sensor_msgs_py:/home/ayush/microros_ws/install/my_py_pkg:/home/ayush/microros_ws/install/my_py_node:/home/ayush/microros_ws/install/joy_bridge:/opt/ros/humble /usr/bin/cmake --build /home/ayush/ros2-cortex-hil-pipeline/ros2_ws/build/qemu_hardware_interface -- -j20 -l20
[3.660s] Invoking command in '/home/ayush/ros2-cortex-hil-pipeline/ros2_ws/build/qemu_hardware_interface': CMAKE_PREFIX_PATH=${CMAKE_PREFIX_PATH}:/home/ayush/microros_ws/install/sensor_msgs_py:/home/ayush/microros_ws/install/my_py_pkg:/home/ayush/microros_ws/install/my_py_node:/home/ayush/microros_ws/install/joy_bridge:/opt/ros/humble /usr/bin/cmake --install /home/ayush/ros2-cortex-hil-pipeline/ros2_ws/build/qemu_hardware_interface
[3.667s] -- Install configuration: ""
[3.667s] -- Installing: /home/ayush/ros2-cortex-hil-pipeline/ros2_ws/install/qemu_hardware_interface/share/qemu_hardware_interface/qemu_hardware_interface.xml
[3.667s] -- Installing: /home/ayush/ros2-cortex-hil-pipeline/ros2_ws/install/qemu_hardware_interface/lib/libqemu_hardware_interface.so
[3.668s] -- Set runtime path of "/home/ayush/ros2-cortex-hil-pipeline/ros2_ws/install/qemu_hardware_interface/lib/libqemu_hardware_interface.so" to ""
[3.668s] -- Up-to-date: /home/ayush/ros2-cortex-hil-pipeline/ros2_ws/install/qemu_hardware_interface/share/qemu_hardware_interface/qemu_hardware_interface.xml
[3.668s] -- Installing: /home/ayush/ros2-cortex-hil-pipeline/ros2_ws/install/qemu_hardware_interface/share/ament_index/resource_index/package_run_dependencies/qemu_hardware_interface
[3.668s] -- Installing: /home/ayush/ros2-cortex-hil-pipeline/ros2_ws/install/qemu_hardware_interface/share/ament_index/resource_index/parent_prefix_path/qemu_hardware_interface
[3.668s] -- Installing: /home/ayush/ros2-cortex-hil-pipeline/ros2_ws/install/qemu_hardware_interface/share/qemu_hardware_interface/environment/ament_prefix_path.sh
[3.668s] -- Installing: /home/ayush/ros2-cortex-hil-pipeline/ros2_ws/install/qemu_hardware_interface/share/qemu_hardware_interface/environment/ament_prefix_path.dsv
[3.668s] -- Installing: /home/ayush/ros2-cortex-hil-pipeline/ros2_ws/install/qemu_hardware_interface/share/qemu_hardware_interface/environment/path.sh
[3.668s] -- Installing: /home/ayush/ros2-cortex-hil-pipeline/ros2_ws/install/qemu_hardware_interface/share/qemu_hardware_interface/environment/path.dsv
[3.668s] -- Installing: /home/ayush/ros2-cortex-hil-pipeline/ros2_ws/install/qemu_hardware_interface/share/qemu_hardware_interface/local_setup.bash
[3.668s] -- Installing: /home/ayush/ros2-cortex-hil-pipeline/ros2_ws/install/qemu_hardware_interface/share/qemu_hardware_interface/local_setup.sh
[3.668s] -- Installing: /home/ayush/ros2-cortex-hil-pipeline/ros2_ws/install/qemu_hardware_interface/share/qemu_hardware_interface/local_setup.zsh
[3.668s] -- Installing: /home/ayush/ros2-cortex-hil-pipeline/ros2_ws/install/qemu_hardware_interface/share/qemu_hardware_interface/local_setup.dsv
[3.668s] -- Installing: /home/ayush/ros2-cortex-hil-pipeline/ros2_ws/install/qemu_hardware_interface/share/qemu_hardware_interface/package.dsv
[3.668s] -- Installing: /home/ayush/ros2-cortex-hil-pipeline/ros2_ws/install/qemu_hardware_interface/share/ament_index/resource_index/packages/qemu_hardware_interface
[3.668s] -- Installing: /home/ayush/ros2-cortex-hil-pipeline/ros2_ws/install/qemu_hardware_interface/share/ament_index/resource_index/hardware_interface__pluginlib__plugin/qemu_hardware_interface
[3.668s] -- Installing: /home/ayush/ros2-cortex-hil-pipeline/ros2_ws/install/qemu_hardware_interface/share/qemu_hardware_interface/cmake/qemu_hardware_interfaceConfig.cmake
[3.668s] -- Installing: /home/ayush/ros2-cortex-hil-pipeline/ros2_ws/install/qemu_hardware_interface/share/qemu_hardware_interface/cmake/qemu_hardware_interfaceConfig-version.cmake
[3.668s] -- Installing: /home/ayush/ros2-cortex-hil-pipeline/ros2_ws/install/qemu_hardware_interface/share/qemu_hardware_interface/package.xml
[3.669s] Invoked command in '/home/ayush/ros2-cortex-hil-pipeline/ros2_ws/build/qemu_hardware_interface' returned '0': CMAKE_PREFIX_PATH=${CMAKE_PREFIX_PATH}:/home/ayush/microros_ws/install/sensor_msgs_py:/home/ayush/microros_ws/install/my_py_pkg:/home/ayush/microros_ws/install/my_py_node:/home/ayush/microros_ws/install/joy_bridge:/opt/ros/humble /usr/bin/cmake --install /home/ayush/ros2-cortex-hil-pipeline/ros2_ws/build/qemu_hardware_interface
